0 verbose cli /data/data/com.termux/files/usr/bin/node /data/data/com.termux/files/usr/bin/npm
1 info using npm@11.17.0
2 info using node@v26.3.1
3 silly config load:file:/data/data/com.termux/files/usr/lib/node_modules/npm/npmrc
4 silly config load:file:/data/data/com.termux/files/home/.npmrc
5 silly config load:file:/data/data/com.termux/files/usr/etc/npmrc
6 verbose title npm install http-server
7 verbose argv "install" "--global" "http-server"
8 verbose logfile logs-max:10 dir:/data/data/com.termux/files/home/.npm/_logs/2026-08-26T18_42_55_287Z-
9 verbose logfile /data/data/com.termux/files/home/.npm/_logs/2026-08-26T18_42_55_287Z-debug-0.log
10 silly packumentCache heap:1069809664 maxSize:267452416 maxEntrySize:133726208
11 silly logfile done cleaning log files
12 silly idealTree buildDeps
13 silly fetch manifest http-server@*
14 silly packumentCache full:https://registry.npmjs.org/http-server cache-miss
15 http fetch GET 200 https://registry.npmjs.org/http-server 1647ms (cache miss)
16 silly packumentCache full:https://registry.npmjs.org/http-server set size:undefined disposed:false
17 silly placeDep ROOT http-server@14.1.1 OK for:  want: *
18 silly fetch manifest he@^1.2.0
19 silly packumentCache full:https://registry.npmjs.org/he cache-miss
20 silly fetch manifest mime@^1.6.0
21 silly packumentCache full:https://registry.npmjs.org/mime cache-miss
22 silly fetch manifest chalk@^4.1.2
23 silly packumentCache full:https://registry.npmjs.org/chalk cache-miss
24 silly fetch manifest union@~0.5.0
25 silly packumentCache full:https://registry.npmjs.org/union cache-miss
26 silly fetch manifest corser@^2.0.1
27 silly packumentCache full:https://registry.npmjs.org/corser cache-miss
28 silly fetch manifest opener@^1.5.1
29 silly packumentCache full:https://registry.npmjs.org/opener cache-miss
30 silly fetch manifest minimist@^1.2.6
31 silly packumentCache full:https://registry.npmjs.org/minimist cache-miss
32 http fetch GET 200 https://registry.npmjs.org/he 919ms (cache miss)
33 silly packumentCache full:https://registry.npmjs.org/he set size:undefined disposed:false
34 silly fetch manifest url-join@^4.0.1
35 silly packumentCache full:https://registry.npmjs.org/url-join cache-miss
36 http fetch GET 200 https://registry.npmjs.org/npm 2993ms
37 http fetch GET 200 https://registry.npmjs.org/url-join 442ms (cache miss)
38 silly packumentCache full:https://registry.npmjs.org/url-join set size:undefined disposed:false
39 silly fetch manifest basic-auth@^2.0.1
40 silly packumentCache full:https://registry.npmjs.org/basic-auth cache-miss
41 http fetch GET 200 https://registry.npmjs.org/chalk 1399ms (cache miss)
42 silly packumentCache full:https://registry.npmjs.org/chalk set size:undefined disposed:false
43 silly fetch manifest http-proxy@^1.18.1
44 silly packumentCache full:https://registry.npmjs.org/http-proxy cache-miss
45 http fetch GET 200 https://registry.npmjs.org/mime 1565ms (cache miss)
46 silly packumentCache full:https://registry.npmjs.org/mime set size:undefined disposed:false
47 silly fetch manifest portfinder@^1.0.28
48 silly packumentCache full:https://registry.npmjs.org/portfinder cache-miss
49 http fetch GET 200 https://registry.npmjs.org/basic-auth 229ms (cache miss)
50 silly packumentCache full:https://registry.npmjs.org/basic-auth set size:undefined disposed:false
51 silly fetch manifest secure-compare@3.0.1
52 silly packumentCache full:https://registry.npmjs.org/secure-compare cache-miss
53 http fetch GET 200 https://registry.npmjs.org/minimist 1658ms (cache miss)
54 silly packumentCache full:https://registry.npmjs.org/minimist set size:undefined disposed:false
55 silly fetch manifest html-encoding-sniffer@^3.0.0
56 silly packumentCache full:https://registry.npmjs.org/html-encoding-sniffer cache-miss
57 http fetch GET 200 https://registry.npmjs.org/union 1711ms (cache miss)
58 silly packumentCache full:https://registry.npmjs.org/union set size:undefined disposed:false
59 http fetch GET 200 https://registry.npmjs.org/opener 1719ms (cache miss)
60 silly packumentCache full:https://registry.npmjs.org/opener set size:undefined disposed:false
61 http fetch GET 200 https://registry.npmjs.org/portfinder 228ms (cache miss)
62 silly packumentCache full:https://registry.npmjs.org/portfinder set size:undefined disposed:false
63 http fetch GET 200 https://registry.npmjs.org/secure-compare 429ms (cache miss)
64 silly packumentCache full:https://registry.npmjs.org/secure-compare set size:undefined disposed:false
65 http fetch GET 200 https://registry.npmjs.org/http-proxy 688ms (cache miss)
66 silly packumentCache full:https://registry.npmjs.org/http-proxy set size:undefined disposed:false
67 http fetch GET 200 https://registry.npmjs.org/html-encoding-sniffer 867ms (cache miss)
68 silly packumentCache full:https://registry.npmjs.org/html-encoding-sniffer set size:undefined disposed:false
69 http fetch GET 200 https://registry.npmjs.org/corser 2659ms (cache miss)
70 silly packumentCache full:https://registry.npmjs.org/corser set size:undefined disposed:false
71 silly placeDep node_modules/http-server basic-auth@2.0.1 OK for: http-server@14.1.1 want: ^2.0.1
72 silly placeDep node_modules/http-server chalk@4.1.2 OK for: http-server@14.1.1 want: ^4.1.2
73 silly placeDep node_modules/http-server corser@2.0.1 OK for: http-server@14.1.1 want: ^2.0.1
74 silly placeDep node_modules/http-server he@1.2.0 OK for: http-server@14.1.1 want: ^1.2.0
75 silly placeDep node_modules/http-server html-encoding-sniffer@3.0.0 OK for: http-server@14.1.1 want: ^3.0.0
76 silly placeDep node_modules/http-server http-proxy@1.18.1 OK for: http-server@14.1.1 want: ^1.18.1
77 silly placeDep node_modules/http-server mime@1.6.0 OK for: http-server@14.1.1 want: ^1.6.0
78 silly placeDep node_modules/http-server minimist@1.2.8 OK for: http-server@14.1.1 want: ^1.2.6
79 silly placeDep node_modules/http-server opener@1.5.2 OK for: http-server@14.1.1 want: ^1.5.1
80 silly placeDep node_modules/http-server portfinder@1.0.38 OK for: http-server@14.1.1 want: ^1.0.28
81 silly placeDep node_modules/http-server secure-compare@3.0.1 OK for: http-server@14.1.1 want: 3.0.1
82 silly placeDep node_modules/http-server union@0.5.0 OK for: http-server@14.1.1 want: ~0.5.0
83 silly placeDep node_modules/http-server url-join@4.0.1 OK for: http-server@14.1.1 want: ^4.0.1
84 silly fetch manifest safe-buffer@5.1.2
85 silly packumentCache full:https://registry.npmjs.org/safe-buffer cache-miss
86 silly fetch manifest ansi-styles@^4.1.0
87 silly packumentCache full:https://registry.npmjs.org/ansi-styles cache-miss
88 silly fetch manifest supports-color@^7.1.0
89 silly packumentCache full:https://registry.npmjs.org/supports-color cache-miss
90 silly fetch manifest whatwg-encoding@^2.0.0
91 silly packumentCache full:https://registry.npmjs.org/whatwg-encoding cache-miss
92 silly fetch manifest eventemitter3@^4.0.0
93 silly packumentCache full:https://registry.npmjs.org/eventemitter3 cache-miss
94 silly fetch manifest requires-port@^1.0.0
95 silly packumentCache full:https://registry.npmjs.org/requires-port cache-miss
96 silly fetch manifest follow-redirects@^1.0.0
97 silly packumentCache full:https://registry.npmjs.org/follow-redirects cache-miss
98 http fetch GET 200 https://registry.npmjs.org/requires-port 333ms (cache miss)
99 silly packumentCache full:https://registry.npmjs.org/requires-port set size:undefined disposed:false
100 silly fetch manifest async@^3.2.6
101 silly packumentCache full:https://registry.npmjs.org/async cache-miss
102 http fetch GET 200 https://registry.npmjs.org/async 542ms (cache miss)
103 silly packumentCache full:https://registry.npmjs.org/async set size:undefined disposed:false
104 silly fetch manifest debug@^4.3.6
105 silly packumentCache full:https://registry.npmjs.org/debug cache-miss
106 http fetch GET 200 https://registry.npmjs.org/safe-buffer 925ms (cache miss)
107 silly packumentCache full:https://registry.npmjs.org/safe-buffer set size:undefined disposed:false
108 silly fetch manifest qs@^6.4.0
109 silly packumentCache full:https://registry.npmjs.org/qs cache-miss
110 http fetch GET 200 https://registry.npmjs.org/supports-color 984ms (cache miss)
111 silly packumentCache full:https://registry.npmjs.org/supports-color set size:undefined disposed:false
112 http fetch GET 200 https://registry.npmjs.org/eventemitter3 993ms (cache miss)
113 silly packumentCache full:https://registry.npmjs.org/eventemitter3 set size:undefined disposed:false
114 http fetch GET 200 https://registry.npmjs.org/ansi-styles 1013ms (cache miss)
115 silly packumentCache full:https://registry.npmjs.org/ansi-styles set size:undefined disposed:false
116 http fetch GET 200 https://registry.npmjs.org/follow-redirects 1247ms (cache miss)
117 silly packumentCache full:https://registry.npmjs.org/follow-redirects set size:undefined disposed:false
118 http fetch GET 200 https://registry.npmjs.org/whatwg-encoding 1361ms (cache miss)
119 silly packumentCache full:https://registry.npmjs.org/whatwg-encoding set size:undefined disposed:false
120 http fetch GET 200 https://registry.npmjs.org/debug 554ms (cache miss)
121 silly packumentCache full:https://registry.npmjs.org/debug set size:undefined disposed:false
122 http fetch GET 200 https://registry.npmjs.org/qs 884ms (cache miss)
123 silly packumentCache full:https://registry.npmjs.org/qs set size:undefined disposed:false
124 silly placeDep node_modules/http-server safe-buffer@5.1.2 OK for: basic-auth@2.0.1 want: 5.1.2
125 silly placeDep node_modules/http-server ansi-styles@4.3.0 OK for: chalk@4.1.2 want: ^4.1.0
126 silly placeDep node_modules/http-server supports-color@7.2.0 OK for: chalk@4.1.2 want: ^7.1.0
127 silly fetch manifest color-convert@^2.0.1
128 silly packumentCache full:https://registry.npmjs.org/color-convert cache-miss
129 silly fetch manifest has-flag@^4.0.0
130 silly packumentCache full:https://registry.npmjs.org/has-flag cache-miss
131 http fetch GET 200 https://registry.npmjs.org/has-flag 188ms (cache miss)
132 silly packumentCache full:https://registry.npmjs.org/has-flag set size:undefined disposed:false
133 http fetch GET 200 https://registry.npmjs.org/color-convert 199ms (cache miss)
134 silly packumentCache full:https://registry.npmjs.org/color-convert set size:undefined disposed:false
135 silly placeDep node_modules/http-server color-convert@2.0.1 OK for: ansi-styles@4.3.0 want: ^2.0.1
136 silly fetch manifest color-name@~1.1.4
137 silly packumentCache full:https://registry.npmjs.org/color-name cache-miss
138 http fetch GET 200 https://registry.npmjs.org/color-name 245ms (cache miss)
139 silly packumentCache full:https://registry.npmjs.org/color-name set size:undefined disposed:false
140 silly placeDep node_modules/http-server color-name@1.1.4 OK for: color-convert@2.0.1 want: ~1.1.4
141 silly placeDep node_modules/http-server whatwg-encoding@2.0.0 OK for: html-encoding-sniffer@3.0.0 want: ^2.0.0
142 silly fetch manifest iconv-lite@0.6.3
143 silly packumentCache full:https://registry.npmjs.org/iconv-lite cache-miss
144 http fetch GET 200 https://registry.npmjs.org/iconv-lite 606ms (cache miss)
145 silly packumentCache full:https://registry.npmjs.org/iconv-lite set size:undefined disposed:false
146 silly placeDep node_modules/http-server eventemitter3@4.0.7 OK for: http-proxy@1.18.1 want: ^4.0.0
147 silly placeDep node_modules/http-server follow-redirects@1.16.0 OK for: http-proxy@1.18.1 want: ^1.0.0
148 silly placeDep node_modules/http-server requires-port@1.0.0 OK for: http-proxy@1.18.1 want: ^1.0.0
149 silly placeDep node_modules/http-server async@3.2.6 OK for: portfinder@1.0.38 want: ^3.2.6
150 silly placeDep node_modules/http-server debug@4.4.3 OK for: portfinder@1.0.38 want: ^4.3.6
151 silly fetch manifest ms@^2.1.3
152 silly packumentCache full:https://registry.npmjs.org/ms cache-miss
153 http fetch GET 200 https://registry.npmjs.org/ms 317ms (cache miss)
154 silly packumentCache full:https://registry.npmjs.org/ms set size:undefined disposed:false
155 silly placeDep node_modules/http-server ms@2.1.3 OK for: debug@4.4.3 want: ^2.1.3
156 silly placeDep node_modules/http-server has-flag@4.0.0 OK for: supports-color@7.2.0 want: ^4.0.0
157 silly placeDep node_modules/http-server qs@6.15.3 OK for: union@0.5.0 want: ^6.4.0
158 silly fetch manifest side-channel@^1.1.1
159 silly packumentCache full:https://registry.npmjs.org/side-channel cache-miss
160 silly fetch manifest es-define-property@^1.0.1
161 silly packumentCache full:https://registry.npmjs.org/es-define-property cache-miss
162 http fetch GET 200 https://registry.npmjs.org/es-define-property 209ms (cache miss)
163 silly packumentCache full:https://registry.npmjs.org/es-define-property set size:undefined disposed:false
164 http fetch GET 200 https://registry.npmjs.org/side-channel 218ms (cache miss)
165 silly packumentCache full:https://registry.npmjs.org/side-channel set size:undefined disposed:false
166 silly placeDep node_modules/http-server es-define-property@1.0.1 OK for: qs@6.15.3 want: ^1.0.1
167 silly placeDep node_modules/http-server side-channel@1.1.1 OK for: qs@6.15.3 want: ^1.1.1
168 silly fetch manifest es-errors@^1.3.0
169 silly packumentCache full:https://registry.npmjs.org/es-errors cache-miss
170 silly fetch manifest object-inspect@^1.13.4
171 silly packumentCache full:https://registry.npmjs.org/object-inspect cache-miss
172 silly fetch manifest side-channel-list@^1.0.1
173 silly packumentCache full:https://registry.npmjs.org/side-channel-list cache-miss
174 silly fetch manifest side-channel-map@^1.0.1
175 silly packumentCache full:https://registry.npmjs.org/side-channel-map cache-miss
176 silly fetch manifest side-channel-weakmap@^1.0.2
177 silly packumentCache full:https://registry.npmjs.org/side-channel-weakmap cache-miss
178 http fetch GET 200 https://registry.npmjs.org/es-errors 280ms (cache miss)
179 silly packumentCache full:https://registry.npmjs.org/es-errors set size:undefined disposed:false
180 http fetch GET 200 https://registry.npmjs.org/side-channel-list 282ms (cache miss)
181 silly packumentCache full:https://registry.npmjs.org/side-channel-list set size:undefined disposed:false
182 http fetch GET 200 https://registry.npmjs.org/side-channel-map 284ms (cache miss)
183 silly packumentCache full:https://registry.npmjs.org/side-channel-map set size:undefined disposed:false
184 http fetch GET 200 https://registry.npmjs.org/side-channel-weakmap 291ms (cache miss)
185 silly packumentCache full:https://registry.npmjs.org/side-channel-weakmap set size:undefined disposed:false
186 http fetch GET 200 https://registry.npmjs.org/object-inspect 305ms (cache miss)
187 silly packumentCache full:https://registry.npmjs.org/object-inspect set size:undefined disposed:false
188 silly placeDep node_modules/http-server es-errors@1.3.0 OK for: side-channel@1.1.1 want: ^1.3.0
189 silly placeDep node_modules/http-server object-inspect@1.13.4 OK for: side-channel@1.1.1 want: ^1.13.4
190 silly placeDep node_modules/http-server side-channel-list@1.0.1 OK for: side-channel@1.1.1 want: ^1.0.1
191 silly placeDep node_modules/http-server side-channel-map@1.0.1 OK for: side-channel@1.1.1 want: ^1.0.1
192 silly placeDep node_modules/http-server side-channel-weakmap@1.0.2 OK for: side-channel@1.1.1 want: ^1.0.2
193 silly fetch manifest call-bound@^1.0.2
194 silly packumentCache full:https://registry.npmjs.org/call-bound cache-miss
195 silly fetch manifest get-intrinsic@^1.2.5
196 silly packumentCache full:https://registry.npmjs.org/get-intrinsic cache-miss
197 silly fetch manifest call-bound@^1.0.2
198 silly packumentCache full:https://registry.npmjs.org/call-bound cache-miss
199 silly fetch manifest get-intrinsic@^1.2.5
200 silly packumentCache full:https://registry.npmjs.org/get-intrinsic cache-miss
201 http fetch GET 200 https://registry.npmjs.org/get-intrinsic 240ms (cache miss)
202 silly packumentCache full:https://registry.npmjs.org/get-intrinsic set size:undefined disposed:false
203 http fetch GET 200 https://registry.npmjs.org/call-bound 272ms (cache miss)
204 silly packumentCache full:https://registry.npmjs.org/call-bound set size:undefined disposed:false
205 http fetch GET 200 https://registry.npmjs.org/get-intrinsic 276ms (cache miss)
206 silly packumentCache full:https://registry.npmjs.org/get-intrinsic set size:undefined disposed:false
207 http fetch GET 200 https://registry.npmjs.org/call-bound 292ms (cache miss)
208 silly packumentCache full:https://registry.npmjs.org/call-bound set size:undefined disposed:false
209 silly placeDep node_modules/http-server call-bound@1.0.4 OK for: side-channel-map@1.0.1 want: ^1.0.2
210 silly placeDep node_modules/http-server get-intrinsic@1.3.0 OK for: side-channel-map@1.0.1 want: ^1.2.5
211 silly fetch manifest call-bind-apply-helpers@^1.0.2
212 silly packumentCache full:https://registry.npmjs.org/call-bind-apply-helpers cache-miss
213 silly fetch manifest get-intrinsic@^1.3.0
214 silly packumentCache full:https://registry.npmjs.org/get-intrinsic cache-miss
215 silly fetch manifest gopd@^1.2.0
216 silly packumentCache full:https://registry.npmjs.org/gopd cache-miss
217 silly fetch manifest hasown@^2.0.2
218 silly packumentCache full:https://registry.npmjs.org/hasown cache-miss
219 silly fetch manifest get-proto@^1.0.1
220 silly packumentCache full:https://registry.npmjs.org/get-proto cache-miss
221 silly fetch manifest has-symbols@^1.1.0
222 silly packumentCache full:https://registry.npmjs.org/has-symbols cache-miss
223 silly fetch manifest function-bind@^1.1.2
224 silly packumentCache full:https://registry.npmjs.org/function-bind cache-miss
225 http cache https://registry.npmjs.org/get-intrinsic 80ms (cache hit)
226 silly packumentCache full:https://registry.npmjs.org/get-intrinsic set size:60985 disposed:false
227 silly fetch manifest es-object-atoms@^1.1.1
228 silly packumentCache full:https://registry.npmjs.org/es-object-atoms cache-miss
229 http fetch GET 200 https://registry.npmjs.org/hasown 338ms (cache miss)
230 silly packumentCache full:https://registry.npmjs.org/hasown set size:undefined disposed:false
231 silly fetch manifest math-intrinsics@^1.1.0
232 silly packumentCache full:https://registry.npmjs.org/math-intrinsics cache-miss
233 http fetch GET 200 https://registry.npmjs.org/function-bind 401ms (cache miss)
234 silly packumentCache full:https://registry.npmjs.org/function-bind set size:undefined disposed:false
235 silly fetch manifest call-bind-apply-helpers@^1.0.2
236 silly packumentCache full:https://registry.npmjs.org/call-bind-apply-helpers cache-miss
237 http fetch GET 200 https://registry.npmjs.org/call-bind-apply-helpers 423ms (cache miss)
238 silly packumentCache full:https://registry.npmjs.org/call-bind-apply-helpers set size:undefined disposed:false
239 http fetch GET 200 https://registry.npmjs.org/get-proto 422ms (cache miss)
240 silly packumentCache full:https://registry.npmjs.org/get-proto set size:undefined disposed:false
241 http fetch GET 200 https://registry.npmjs.org/es-object-atoms 346ms (cache miss)
242 silly packumentCache full:https://registry.npmjs.org/es-object-atoms set size:undefined disposed:false
243 http fetch GET 200 https://registry.npmjs.org/has-symbols 436ms (cache miss)
244 silly packumentCache full:https://registry.npmjs.org/has-symbols set size:undefined disposed:false
245 http fetch GET 200 https://registry.npmjs.org/gopd 449ms (cache miss)
246 silly packumentCache full:https://registry.npmjs.org/gopd set size:undefined disposed:false
247 http cache https://registry.npmjs.org/call-bind-apply-helpers 48ms (cache hit)
248 silly packumentCache full:https://registry.npmjs.org/call-bind-apply-helpers set size:12744 disposed:false
249 http fetch GET 200 https://registry.npmjs.org/math-intrinsics 230ms (cache miss)
250 silly packumentCache full:https://registry.npmjs.org/math-intrinsics set size:undefined disposed:false
251 silly placeDep node_modules/http-server call-bind-apply-helpers@1.0.2 OK for: call-bound@1.0.4 want: ^1.0.2
252 silly placeDep node_modules/http-server function-bind@1.1.2 OK for: call-bind-apply-helpers@1.0.2 want: ^1.1.2
253 silly placeDep node_modules/http-server es-object-atoms@1.1.2 OK for: get-intrinsic@1.3.0 want: ^1.1.1
254 silly placeDep node_modules/http-server get-proto@1.0.1 OK for: get-intrinsic@1.3.0 want: ^1.0.1
255 silly placeDep node_modules/http-server gopd@1.2.0 OK for: get-intrinsic@1.3.0 want: ^1.2.0
256 silly placeDep node_modules/http-server has-symbols@1.1.0 OK for: get-intrinsic@1.3.0 want: ^1.1.0
257 silly placeDep node_modules/http-server hasown@2.0.4 OK for: get-intrinsic@1.3.0 want: ^2.0.2
258 silly placeDep node_modules/http-server math-intrinsics@1.1.0 OK for: get-intrinsic@1.3.0 want: ^1.1.0
259 silly fetch manifest dunder-proto@^1.0.1
260 silly packumentCache full:https://registry.npmjs.org/dunder-proto cache-miss
261 http fetch GET 200 https://registry.npmjs.org/dunder-proto 200ms (cache miss)
262 silly packumentCache full:https://registry.npmjs.org/dunder-proto set size:undefined disposed:false
263 silly placeDep node_modules/http-server dunder-proto@1.0.1 OK for: get-proto@1.0.1 want: ^1.0.1
264 silly placeDep node_modules/http-server iconv-lite@0.6.3 OK for: whatwg-encoding@2.0.0 want: 0.6.3
265 silly fetch manifest safer-buffer@>= 2.1.2 < 3.0.0
266 silly packumentCache full:https://registry.npmjs.org/safer-buffer cache-miss
267 http fetch GET 200 https://registry.npmjs.org/safer-buffer 296ms (cache miss)
268 silly packumentCache full:https://registry.npmjs.org/safer-buffer set size:undefined disposed:false
269 silly placeDep node_modules/http-server safer-buffer@2.1.2 OK for: iconv-lite@0.6.3 want: >= 2.1.2 < 3.0.0
270 silly reify moves {}
271 http cache safer-buffer@https://registry.npmjs.org/safer-buffer/-/safer-buffer-2.1.2.tgz 0ms (cache hit)
272 http cache dunder-proto@https://registry.npmjs.org/dunder-proto/-/dunder-proto-1.0.1.tgz 0ms (cache hit)
273 http cache iconv-lite@https://registry.npmjs.org/iconv-lite/-/iconv-lite-0.6.3.tgz 0ms (cache hit)
274 http cache math-intrinsics@https://registry.npmjs.org/math-intrinsics/-/math-intrinsics-1.1.0.tgz 0ms (cache hit)
275 http cache hasown@https://registry.npmjs.org/hasown/-/hasown-2.0.4.tgz 1ms (cache hit)
276 http cache has-symbols@https://registry.npmjs.org/has-symbols/-/has-symbols-1.1.0.tgz 0ms (cache hit)
277 http cache gopd@https://registry.npmjs.org/gopd/-/gopd-1.2.0.tgz 0ms (cache hit)
278 http cache es-object-atoms@https://registry.npmjs.org/es-object-atoms/-/es-object-atoms-1.1.2.tgz 0ms (cache hit)
279 http cache get-proto@https://registry.npmjs.org/get-proto/-/get-proto-1.0.1.tgz 0ms (cache hit)
280 http cache function-bind@https://registry.npmjs.org/function-bind/-/function-bind-1.1.2.tgz 1ms (cache hit)
281 http cache call-bind-apply-helpers@https://registry.npmjs.org/call-bind-apply-helpers/-/call-bind-apply-helpers-1.0.2.tgz 0ms (cache hit)
282 http cache http-server@https://registry.npmjs.org/http-server/-/http-server-14.1.1.tgz 0ms (cache hit)
283 http cache get-intrinsic@https://registry.npmjs.org/get-intrinsic/-/get-intrinsic-1.3.0.tgz 0ms (cache hit)
284 http cache side-channel-weakmap@https://registry.npmjs.org/side-channel-weakmap/-/side-channel-weakmap-1.0.2.tgz 0ms (cache hit)
285 http cache side-channel-map@https://registry.npmjs.org/side-channel-map/-/side-channel-map-1.0.1.tgz 0ms (cache hit)
286 http cache side-channel-list@https://registry.npmjs.org/side-channel-list/-/side-channel-list-1.0.1.tgz 0ms (cache hit)
287 http cache object-inspect@https://registry.npmjs.org/object-inspect/-/object-inspect-1.13.4.tgz 0ms (cache hit)
288 http cache es-errors@https://registry.npmjs.org/es-errors/-/es-errors-1.3.0.tgz 0ms (cache hit)
289 http cache side-channel@https://registry.npmjs.org/side-channel/-/side-channel-1.1.1.tgz 0ms (cache hit)
290 http cache es-define-property@https://registry.npmjs.org/es-define-property/-/es-define-property-1.0.1.tgz 1ms (cache hit)
291 http cache has-flag@https://registry.npmjs.org/has-flag/-/has-flag-4.0.0.tgz 0ms (cache hit)
292 http cache qs@https://registry.npmjs.org/qs/-/qs-6.15.3.tgz 0ms (cache hit)
293 http cache ms@https://registry.npmjs.org/ms/-/ms-2.1.3.tgz 0ms (cache hit)
294 http cache debug@https://registry.npmjs.org/debug/-/debug-4.4.3.tgz 0ms (cache hit)
295 http cache async@https://registry.npmjs.org/async/-/async-3.2.6.tgz 0ms (cache hit)
296 http cache requires-port@https://registry.npmjs.org/requires-port/-/requires-port-1.0.0.tgz 0ms (cache hit)
297 http cache follow-redirects@https://registry.npmjs.org/follow-redirects/-/follow-redirects-1.16.0.tgz 0ms (cache hit)
298 http cache eventemitter3@https://registry.npmjs.org/eventemitter3/-/eventemitter3-4.0.7.tgz 0ms (cache hit)
299 http cache whatwg-encoding@https://registry.npmjs.org/whatwg-encoding/-/whatwg-encoding-2.0.0.tgz 0ms (cache hit)
300 http cache color-name@https://registry.npmjs.org/color-name/-/color-name-1.1.4.tgz 0ms (cache hit)
301 http cache color-convert@https://registry.npmjs.org/color-convert/-/color-convert-2.0.1.tgz 1ms (cache hit)
302 http cache supports-color@https://registry.npmjs.org/supports-color/-/supports-color-7.2.0.tgz 0ms (cache hit)
303 http cache ansi-styles@https://registry.npmjs.org/ansi-styles/-/ansi-styles-4.3.0.tgz 0ms (cache hit)
304 http cache safe-buffer@https://registry.npmjs.org/safe-buffer/-/safe-buffer-5.1.2.tgz 0ms (cache hit)
305 http cache url-join@https://registry.npmjs.org/url-join/-/url-join-4.0.1.tgz 0ms (cache hit)
306 http cache union@https://registry.npmjs.org/union/-/union-0.5.0.tgz 0ms (cache hit)
307 http cache secure-compare@https://registry.npmjs.org/secure-compare/-/secure-compare-3.0.1.tgz 0ms (cache hit)
308 http cache portfinder@https://registry.npmjs.org/portfinder/-/portfinder-1.0.38.tgz 0ms (cache hit)
309 http cache minimist@https://registry.npmjs.org/minimist/-/minimist-1.2.8.tgz 0ms (cache hit)
310 http cache opener@https://registry.npmjs.org/opener/-/opener-1.5.2.tgz 0ms (cache hit)
311 http cache mime@https://registry.npmjs.org/mime/-/mime-1.6.0.tgz 0ms (cache hit)
312 http cache http-proxy@https://registry.npmjs.org/http-proxy/-/http-proxy-1.18.1.tgz 1ms (cache hit)
313 http cache html-encoding-sniffer@https://registry.npmjs.org/html-encoding-sniffer/-/html-encoding-sniffer-3.0.0.tgz 0ms (cache hit)
314 http cache he@https://registry.npmjs.org/he/-/he-1.2.0.tgz 0ms (cache hit)
315 http cache corser@https://registry.npmjs.org/corser/-/corser-2.0.1.tgz 0ms (cache hit)
316 http cache chalk@https://registry.npmjs.org/chalk/-/chalk-4.1.2.tgz 0ms (cache hit)
317 http cache basic-auth@https://registry.npmjs.org/basic-auth/-/basic-auth-2.0.1.tgz 0ms (cache hit)
318 http cache call-bound@https://registry.npmjs.org/call-bound/-/call-bound-1.0.4.tgz 0ms (cache hit)
319 silly tarball no local data for safer-buffer@https://registry.npmjs.org/safer-buffer/-/safer-buffer-2.1.2.tgz. Extracting by manifest.
320 silly tarball no local data for dunder-proto@https://registry.npmjs.org/dunder-proto/-/dunder-proto-1.0.1.tgz. Extracting by manifest.
321 silly tarball no local data for iconv-lite@https://registry.npmjs.org/iconv-lite/-/iconv-lite-0.6.3.tgz. Extracting by manifest.
322 silly tarball no local data for math-intrinsics@https://registry.npmjs.org/math-intrinsics/-/math-intrinsics-1.1.0.tgz. Extracting by manifest.
323 silly tarball no local data for hasown@https://registry.npmjs.org/hasown/-/hasown-2.0.4.tgz. Extracting by manifest.
324 silly tarball no local data for has-symbols@https://registry.npmjs.org/has-symbols/-/has-symbols-1.1.0.tgz. Extracting by manifest.
325 silly tarball no local data for gopd@https://registry.npmjs.org/gopd/-/gopd-1.2.0.tgz. Extracting by manifest.
326 silly tarball no local data for es-object-atoms@https://registry.npmjs.org/es-object-atoms/-/es-object-atoms-1.1.2.tgz. Extracting by manifest.
327 silly tarball no local data for get-proto@https://registry.npmjs.org/get-proto/-/get-proto-1.0.1.tgz. Extracting by manifest.
328 silly tarball no local data for function-bind@https://registry.npmjs.org/function-bind/-/function-bind-1.1.2.tgz. Extracting by manifest.
329 silly tarball no local data for call-bind-apply-helpers@https://registry.npmjs.org/call-bind-apply-helpers/-/call-bind-apply-helpers-1.0.2.tgz. Extracting by manifest.
330 silly tarball no local data for http-server@https://registry.npmjs.org/http-server/-/http-server-14.1.1.tgz. Extracting by manifest.
331 silly tarball no local data for get-intrinsic@https://registry.npmjs.org/get-intrinsic/-/get-intrinsic-1.3.0.tgz. Extracting by manifest.
332 silly tarball no local data for side-channel-weakmap@https://registry.npmjs.org/side-channel-weakmap/-/side-channel-weakmap-1.0.2.tgz. Extracting by manifest.
333 silly tarball no local data for side-channel-map@https://registry.npmjs.org/side-channel-map/-/side-channel-map-1.0.1.tgz. Extracting by manifest.
334 silly tarball no local data for side-channel-list@https://registry.npmjs.org/side-channel-list/-/side-channel-list-1.0.1.tgz. Extracting by manifest.
335 silly tarball no local data for object-inspect@https://registry.npmjs.org/object-inspect/-/object-inspect-1.13.4.tgz. Extracting by manifest.
336 silly tarball no local data for es-errors@https://registry.npmjs.org/es-errors/-/es-errors-1.3.0.tgz. Extracting by manifest.
337 silly tarball no local data for side-channel@https://registry.npmjs.org/side-channel/-/side-channel-1.1.1.tgz. Extracting by manifest.
338 silly tarball no local data for es-define-property@https://registry.npmjs.org/es-define-property/-/es-define-property-1.0.1.tgz. Extracting by manifest.
339 silly tarball no local data for has-flag@https://registry.npmjs.org/has-flag/-/has-flag-4.0.0.tgz. Extracting by manifest.
340 silly tarball no local data for qs@https://registry.npmjs.org/qs/-/qs-6.15.3.tgz. Extracting by manifest.
341 silly tarball no local data for ms@https://registry.npmjs.org/ms/-/ms-2.1.3.tgz. Extracting by manifest.
342 silly tarball no local data for debug@https://registry.npmjs.org/debug/-/debug-4.4.3.tgz. Extracting by manifest.
343 silly tarball no local data for async@https://registry.npmjs.org/async/-/async-3.2.6.tgz. Extracting by manifest.
344 silly tarball no local data for requires-port@https://registry.npmjs.org/requires-port/-/requires-port-1.0.0.tgz. Extracting by manifest.
345 silly tarball no local data for follow-redirects@https://registry.npmjs.org/follow-redirects/-/follow-redirects-1.16.0.tgz. Extracting by manifest.
346 silly tarball no local data for eventemitter3@https://registry.npmjs.org/eventemitter3/-/eventemitter3-4.0.7.tgz. Extracting by manifest.
347 silly tarball no local data for whatwg-encoding@https://registry.npmjs.org/whatwg-encoding/-/whatwg-encoding-2.0.0.tgz. Extracting by manifest.
348 silly tarball no local data for color-name@https://registry.npmjs.org/color-name/-/color-name-1.1.4.tgz. Extracting by manifest.
349 silly tarball no local data for color-convert@https://registry.npmjs.org/color-convert/-/color-convert-2.0.1.tgz. Extracting by manifest.
350 silly tarball no local data for supports-color@https://registry.npmjs.org/supports-color/-/supports-color-7.2.0.tgz. Extracting by manifest.
351 silly tarball no local data for ansi-styles@https://registry.npmjs.org/ansi-styles/-/ansi-styles-4.3.0.tgz. Extracting by manifest.
352 silly tarball no local data for safe-buffer@https://registry.npmjs.org/safe-buffer/-/safe-buffer-5.1.2.tgz. Extracting by manifest.
353 silly tarball no local data for url-join@https://registry.npmjs.org/url-join/-/url-join-4.0.1.tgz. Extracting by manifest.
354 silly tarball no local data for union@https://registry.npmjs.org/union/-/union-0.5.0.tgz. Extracting by manifest.
355 silly tarball no local data for secure-compare@https://registry.npmjs.org/secure-compare/-/secure-compare-3.0.1.tgz. Extracting by manifest.
356 silly tarball no local data for portfinder@https://registry.npmjs.org/portfinder/-/portfinder-1.0.38.tgz. Extracting by manifest.
357 silly tarball no local data for minimist@https://registry.npmjs.org/minimist/-/minimist-1.2.8.tgz. Extracting by manifest.
358 silly tarball no local data for opener@https://registry.npmjs.org/opener/-/opener-1.5.2.tgz. Extracting by manifest.
359 silly tarball no local data for mime@https://registry.npmjs.org/mime/-/mime-1.6.0.tgz. Extracting by manifest.
360 silly tarball no local data for http-proxy@https://registry.npmjs.org/http-proxy/-/http-proxy-1.18.1.tgz. Extracting by manifest.
361 silly tarball no local data for html-encoding-sniffer@https://registry.npmjs.org/html-encoding-sniffer/-/html-encoding-sniffer-3.0.0.tgz. Extracting by manifest.
362 silly tarball no local data for he@https://registry.npmjs.org/he/-/he-1.2.0.tgz. Extracting by manifest.
363 silly tarball no local data for corser@https://registry.npmjs.org/corser/-/corser-2.0.1.tgz. Extracting by manifest.
364 silly tarball no local data for chalk@https://registry.npmjs.org/chalk/-/chalk-4.1.2.tgz. Extracting by manifest.
365 silly tarball no local data for basic-auth@https://registry.npmjs.org/basic-auth/-/basic-auth-2.0.1.tgz. Extracting by manifest.
366 silly tarball no local data for call-bound@https://registry.npmjs.org/call-bound/-/call-bound-1.0.4.tgz. Extracting by manifest.
367 http fetch GET 200 https://registry.npmjs.org/dunder-proto/-/dunder-proto-1.0.1.tgz 585ms (cache miss)
368 http fetch GET 200 https://registry.npmjs.org/has-symbols/-/has-symbols-1.1.0.tgz 597ms (cache miss)
369 http fetch GET 200 https://registry.npmjs.org/math-intrinsics/-/math-intrinsics-1.1.0.tgz 632ms (cache miss)
370 http fetch GET 200 https://registry.npmjs.org/es-errors/-/es-errors-1.3.0.tgz 669ms (cache miss)
371 http fetch GET 200 https://registry.npmjs.org/hasown/-/hasown-2.0.4.tgz 1006ms (cache miss)
372 http fetch GET 200 https://registry.npmjs.org/es-object-atoms/-/es-object-atoms-1.1.2.tgz 1013ms (cache miss)
373 http fetch GET 200 https://registry.npmjs.org/safer-buffer/-/safer-buffer-2.1.2.tgz 1088ms (cache miss)
374 http fetch GET 200 https://registry.npmjs.org/side-channel/-/side-channel-1.1.1.tgz 1062ms (cache miss)
375 http fetch GET 200 https://registry.npmjs.org/object-inspect/-/object-inspect-1.13.4.tgz 1092ms (cache miss)
376 http fetch GET 200 https://registry.npmjs.org/gopd/-/gopd-1.2.0.tgz 1223ms (cache miss)
377 http fetch GET 200 https://registry.npmjs.org/has-flag/-/has-flag-4.0.0.tgz 1185ms (cache miss)
378 http fetch GET 200 https://registry.npmjs.org/side-channel-list/-/side-channel-list-1.0.1.tgz 1233ms (cache miss)
379 http fetch GET 200 https://registry.npmjs.org/get-proto/-/get-proto-1.0.1.tgz 1290ms (cache miss)
380 http fetch GET 200 https://registry.npmjs.org/ms/-/ms-2.1.3.tgz 1266ms (cache miss)
381 http fetch GET 200 https://registry.npmjs.org/whatwg-encoding/-/whatwg-encoding-2.0.0.tgz 1874ms (cache miss)
382 warn deprecated whatwg-encoding@2.0.0: Use @exodus/bytes instead for a more spec-conformant and faster implementation
383 http fetch GET 200 https://registry.npmjs.org/call-bind-apply-helpers/-/call-bind-apply-helpers-1.0.2.tgz 2002ms (cache miss)
384 http fetch GET 200 https://registry.npmjs.org/requires-port/-/requires-port-1.0.0.tgz 2341ms (cache miss)
385 http fetch GET 200 https://registry.npmjs.org/side-channel-map/-/side-channel-map-1.0.1.tgz 2516ms (cache miss)
386 http fetch GET 200 https://registry.npmjs.org/qs/-/qs-6.15.3.tgz 2503ms (cache miss)
387 http fetch GET 200 https://registry.npmjs.org/function-bind/-/function-bind-1.1.2.tgz 2553ms (cache miss)
388 http fetch GET 200 https://registry.npmjs.org/eventemitter3/-/eventemitter3-4.0.7.tgz 2521ms (cache miss)
389 http fetch GET 200 https://registry.npmjs.org/debug/-/debug-4.4.3.tgz 2540ms (cache miss)
390 http fetch GET 200 https://registry.npmjs.org/color-name/-/color-name-1.1.4.tgz 2631ms (cache miss)
391 http fetch GET 200 https://registry.npmjs.org/ansi-styles/-/ansi-styles-4.3.0.tgz 2636ms (cache miss)
392 http fetch GET 200 https://registry.npmjs.org/supports-color/-/supports-color-7.2.0.tgz 2752ms (cache miss)
393 http fetch GET 200 https://registry.npmjs.org/follow-redirects/-/follow-redirects-1.16.0.tgz 2777ms (cache miss)
394 http fetch GET 200 https://registry.npmjs.org/es-define-property/-/es-define-property-1.0.1.tgz 2906ms (cache miss)
395 http fetch GET 200 https://registry.npmjs.org/color-convert/-/color-convert-2.0.1.tgz 2908ms (cache miss)
396 http fetch GET 200 https://registry.npmjs.org/minimist/-/minimist-1.2.8.tgz 2903ms (cache miss)
397 http fetch GET 200 https://registry.npmjs.org/safe-buffer/-/safe-buffer-5.1.2.tgz 2959ms (cache miss)
398 http fetch GET 200 https://registry.npmjs.org/portfinder/-/portfinder-1.0.38.tgz 2946ms (cache miss)
399 http fetch GET 200 https://registry.npmjs.org/async/-/async-3.2.6.tgz 3177ms (cache miss)
400 http fetch GET 200 https://registry.npmjs.org/union/-/union-0.5.0.tgz 3243ms (cache miss)
401 http fetch GET 200 https://registry.npmjs.org/secure-compare/-/secure-compare-3.0.1.tgz 3267ms (cache miss)
402 http fetch GET 200 https://registry.npmjs.org/url-join/-/url-join-4.0.1.tgz 3341ms (cache miss)
403 http fetch GET 200 https://registry.npmjs.org/corser/-/corser-2.0.1.tgz 3417ms (cache miss)
404 http fetch GET 200 https://registry.npmjs.org/get-intrinsic/-/get-intrinsic-1.3.0.tgz 3545ms (cache miss)
405 http fetch GET 200 https://registry.npmjs.org/chalk/-/chalk-4.1.2.tgz 3427ms (cache miss)
406 http fetch GET 200 https://registry.npmjs.org/html-encoding-sniffer/-/html-encoding-sniffer-3.0.0.tgz 3483ms (cache miss)
407 http fetch GET 200 https://registry.npmjs.org/opener/-/opener-1.5.2.tgz 3602ms (cache miss)
408 http fetch GET 200 https://registry.npmjs.org/http-proxy/-/http-proxy-1.18.1.tgz 3628ms (cache miss)
409 http fetch GET 200 https://registry.npmjs.org/he/-/he-1.2.0.tgz 3677ms (cache miss)
410 http fetch GET 200 https://registry.npmjs.org/basic-auth/-/basic-auth-2.0.1.tgz 3807ms (cache miss)
411 http fetch GET 200 https://registry.npmjs.org/mime/-/mime-1.6.0.tgz 4181ms (cache miss)
412 http fetch GET 200 https://registry.npmjs.org/http-server/-/http-server-14.1.1.tgz 4292ms (cache miss)
413 http fetch GET 200 https://registry.npmjs.org/side-channel-weakmap/-/side-channel-weakmap-1.0.2.tgz 4290ms (cache miss)
414 http fetch GET 200 https://registry.npmjs.org/call-bound/-/call-bound-1.0.4.tgz 4280ms (cache miss)
415 http fetch GET 200 https://registry.npmjs.org/iconv-lite/-/iconv-lite-0.6.3.tgz 5699ms (cache miss)
416 silly ADD node_modules/http-server
417 silly ADD node_modules/http-server/node_modules/safer-buffer
418 silly ADD node_modules/http-server/node_modules/iconv-lite
419 silly ADD node_modules/http-server/node_modules/dunder-proto
420 silly ADD node_modules/http-server/node_modules/math-intrinsics
421 silly ADD node_modules/http-server/node_modules/hasown
422 silly ADD node_modules/http-server/node_modules/has-symbols
423 silly ADD node_modules/http-server/node_modules/gopd
424 silly ADD node_modules/http-server/node_modules/get-proto
425 silly ADD node_modules/http-server/node_modules/es-object-atoms
426 silly ADD node_modules/http-server/node_modules/function-bind
427 silly ADD node_modules/http-server/node_modules/call-bind-apply-helpers
428 silly ADD node_modules/http-server/node_modules/get-intrinsic
429 silly ADD node_modules/http-server/node_modules/call-bound
430 silly ADD node_modules/http-server/node_modules/side-channel-weakmap
431 silly ADD node_modules/http-server/node_modules/side-channel-map
432 silly ADD node_modules/http-server/node_modules/side-channel-list
433 silly ADD node_modules/http-server/node_modules/object-inspect
434 silly ADD node_modules/http-server/node_modules/es-errors
435 silly ADD node_modules/http-server/node_modules/side-channel
436 silly ADD node_modules/http-server/node_modules/es-define-property
437 silly ADD node_modules/http-server/node_modules/qs
438 silly ADD node_modules/http-server/node_modules/has-flag
439 silly ADD node_modules/http-server/node_modules/ms
440 silly ADD node_modules/http-server/node_modules/debug
441 silly ADD node_modules/http-server/node_modules/async
442 silly ADD node_modules/http-server/node_modules/requires-port
443 silly ADD node_modules/http-server/node_modules/follow-redirects
444 silly ADD node_modules/http-server/node_modules/eventemitter3
445 silly ADD node_modules/http-server/node_modules/whatwg-encoding
446 silly ADD node_modules/http-server/node_modules/color-name
447 silly ADD node_modules/http-server/node_modules/color-convert
448 silly ADD node_modules/http-server/node_modules/supports-color
449 silly ADD node_modules/http-server/node_modules/ansi-styles
450 silly ADD node_modules/http-server/node_modules/safe-buffer
451 silly ADD node_modules/http-server/node_modules/url-join
452 silly ADD node_modules/http-server/node_modules/union
453 silly ADD node_modules/http-server/node_modules/secure-compare
454 silly ADD node_modules/http-server/node_modules/portfinder
455 silly ADD node_modules/http-server/node_modules/opener
456 silly ADD node_modules/http-server/node_modules/minimist
457 silly ADD node_modules/http-server/node_modules/mime
458 silly ADD node_modules/http-server/node_modules/http-proxy
459 silly ADD node_modules/http-server/node_modules/html-encoding-sniffer
460 silly ADD node_modules/http-server/node_modules/he
461 silly ADD node_modules/http-server/node_modules/corser
462 silly ADD node_modules/http-server/node_modules/chalk
463 silly ADD node_modules/http-server/node_modules/basic-auth
464 verbose cwd /data/data/com.termux/files/home
465 verbose os Linux 6.6.92-android15-8-abA145RXXSEDZE4-4k
466 verbose node v26.3.1
467 verbose npm  v11.17.0
468 notice
468 notice New [31mmajor[39m version of npm available! [31m11.17.0[39m -> [34m12.0.2[39m
468 notice Changelog: [34mhttps://github.com/npm/cli/releases/tag/v12.0.2[39m
468 notice To update run: [4mnpm install -g npm@12.0.2[24m
468 notice  { force: true, Symbol(proc-log.meta): true }
469 verbose exit 0
470 info ok
