0 verbose cli /data/data/com.termux/files/usr/bin/node /data/data/com.termux/files/usr/bin/npm
1 info using npm@11.17.0
2 info using node@v26.3.1
3 silly config load:file:/data/data/com.termux/files/usr/lib/node_modules/npm/npmrc
4 silly config load:file:/data/data/com.termux/files/home/zero-waste-app/.npmrc
5 silly config load:file:/data/data/com.termux/files/home/.npmrc
6 silly config load:file:/data/data/com.termux/files/usr/etc/npmrc
7 verbose title npm install express body-parser
8 verbose argv "install" "express" "body-parser"
9 verbose logfile logs-max:10 dir:/data/data/com.termux/files/home/.npm/_logs/2026-08-27T00_12_31_043Z-
10 verbose logfile /data/data/com.termux/files/home/.npm/_logs/2026-08-27T00_12_31_043Z-debug-0.log
11 silly logfile done cleaning log files
12 silly packumentCache heap:1069809664 maxSize:267452416 maxEntrySize:133726208
13 silly idealTree buildDeps
14 silly fetch manifest express@*
15 silly packumentCache full:https://registry.npmjs.org/express cache-miss
16 http fetch GET 200 https://registry.npmjs.org/express 1103ms (cache miss)
17 silly packumentCache full:https://registry.npmjs.org/express set size:undefined disposed:false
18 silly fetch manifest body-parser@*
19 silly packumentCache full:https://registry.npmjs.org/body-parser cache-miss
20 http fetch GET 200 https://registry.npmjs.org/body-parser 226ms (cache miss)
21 silly packumentCache full:https://registry.npmjs.org/body-parser set size:undefined disposed:false
22 silly placeDep ROOT body-parser@2.3.0 OK for: zero-waste-app@1.0.0 want: *
23 silly placeDep ROOT express@5.2.1 OK for: zero-waste-app@1.0.0 want: *
24 silly fetch manifest qs@^6.15.2
25 silly packumentCache full:https://registry.npmjs.org/qs cache-miss
26 silly fetch manifest bytes@^3.1.2
27 silly packumentCache full:https://registry.npmjs.org/bytes cache-miss
28 silly fetch manifest debug@^4.4.3
29 silly packumentCache full:https://registry.npmjs.org/debug cache-miss
30 silly fetch manifest type-is@^2.1.0
31 silly packumentCache full:https://registry.npmjs.org/type-is cache-miss
32 silly fetch manifest raw-body@^3.0.2
33 silly packumentCache full:https://registry.npmjs.org/raw-body cache-miss
34 silly fetch manifest iconv-lite@^0.7.2
35 silly packumentCache full:https://registry.npmjs.org/iconv-lite cache-miss
36 silly fetch manifest http-errors@^2.0.1
37 silly packumentCache full:https://registry.npmjs.org/http-errors cache-miss
38 http fetch GET 200 https://registry.npmjs.org/bytes 255ms (cache miss)
39 silly packumentCache full:https://registry.npmjs.org/bytes set size:undefined disposed:false
40 silly fetch manifest on-finished@^2.4.1
41 silly packumentCache full:https://registry.npmjs.org/on-finished cache-miss
42 http fetch GET 200 https://registry.npmjs.org/on-finished 213ms (cache miss)
43 silly packumentCache full:https://registry.npmjs.org/on-finished set size:undefined disposed:false
44 silly fetch manifest content-type@^2.0.0
45 silly packumentCache full:https://registry.npmjs.org/content-type cache-miss
46 http fetch GET 200 https://registry.npmjs.org/content-type 202ms (cache miss)
47 silly packumentCache full:https://registry.npmjs.org/content-type set size:undefined disposed:false
48 silly fetch manifest qs@^6.14.0
49 silly packumentCache full:https://registry.npmjs.org/qs cache-miss
50 http fetch GET 200 https://registry.npmjs.org/type-is 766ms (cache miss)
51 silly packumentCache full:https://registry.npmjs.org/type-is set size:undefined disposed:false
52 silly fetch manifest depd@^2.0.0
53 silly packumentCache full:https://registry.npmjs.org/depd cache-miss
54 http fetch GET 200 https://registry.npmjs.org/debug 801ms (cache revalidated)
55 silly packumentCache full:https://registry.npmjs.org/debug set size:195840 disposed:false
56 silly fetch manifest etag@^1.8.1
57 silly packumentCache full:https://registry.npmjs.org/etag cache-miss
58 http fetch GET 200 https://registry.npmjs.org/iconv-lite 820ms (cache revalidated)
59 silly packumentCache full:https://registry.npmjs.org/iconv-lite set size:126462 disposed:false
60 silly fetch manifest once@^1.4.0
61 silly packumentCache full:https://registry.npmjs.org/once cache-miss
62 http fetch GET 200 https://registry.npmjs.org/qs 869ms (cache revalidated)
63 silly packumentCache full:https://registry.npmjs.org/qs set size:360318 disposed:false
64 silly fetch manifest send@^1.1.0
65 silly packumentCache full:https://registry.npmjs.org/send cache-miss
66 http fetch GET 200 https://registry.npmjs.org/http-errors 922ms (cache miss)
67 silly packumentCache full:https://registry.npmjs.org/http-errors set size:undefined disposed:false
68 silly fetch manifest vary@^1.1.2
69 silly packumentCache full:https://registry.npmjs.org/vary cache-miss
70 http fetch GET 200 https://registry.npmjs.org/raw-body 975ms (cache miss)
71 silly packumentCache full:https://registry.npmjs.org/raw-body set size:undefined disposed:false
72 silly fetch manifest debug@^4.4.0
73 silly packumentCache full:https://registry.npmjs.org/debug cache-hit
74 silly fetch manifest fresh@^2.0.0
75 silly packumentCache full:https://registry.npmjs.org/fresh cache-miss
76 http fetch GET 200 https://registry.npmjs.org/depd 246ms (cache miss)
77 silly packumentCache full:https://registry.npmjs.org/depd set size:undefined disposed:false
78 silly fetch manifest cookie@^0.7.1
79 silly packumentCache full:https://registry.npmjs.org/cookie cache-miss
80 http fetch GET 200 https://registry.npmjs.org/etag 230ms (cache miss)
81 silly packumentCache full:https://registry.npmjs.org/etag set size:undefined disposed:false
82 silly fetch manifest router@^2.2.0
83 silly packumentCache full:https://registry.npmjs.org/router cache-miss
84 http fetch GET 200 https://registry.npmjs.org/qs 414ms (cache revalidated)
85 silly packumentCache full:https://registry.npmjs.org/qs set size:360318 disposed:false
86 silly packumentCache full:https://registry.npmjs.org/qs dispose
87 silly fetch manifest accepts@^2.0.0
88 silly packumentCache full:https://registry.npmjs.org/accepts cache-miss
89 http fetch GET 200 https://registry.npmjs.org/once 317ms (cache miss)
90 silly packumentCache full:https://registry.npmjs.org/once set size:undefined disposed:false
91 silly fetch manifest type-is@^2.0.1
92 silly packumentCache full:https://registry.npmjs.org/type-is cache-miss
93 http fetch GET 200 https://registry.npmjs.org/vary 264ms (cache miss)
94 silly packumentCache full:https://registry.npmjs.org/vary set size:undefined disposed:false
95 silly fetch manifest parseurl@^1.3.3
96 silly packumentCache full:https://registry.npmjs.org/parseurl cache-miss
97 http fetch GET 200 https://registry.npmjs.org/send 362ms (cache miss)
98 silly packumentCache full:https://registry.npmjs.org/send set size:undefined disposed:false
99 silly fetch manifest statuses@^2.0.1
100 silly packumentCache full:https://registry.npmjs.org/statuses cache-miss
101 http cache https://registry.npmjs.org/type-is 124ms (cache hit)
102 silly packumentCache full:https://registry.npmjs.org/type-is set size:88614 disposed:false
103 silly fetch manifest encodeurl@^2.0.0
104 silly packumentCache full:https://registry.npmjs.org/encodeurl cache-miss
105 http fetch GET 200 https://registry.npmjs.org/fresh 317ms (cache miss)
106 silly packumentCache full:https://registry.npmjs.org/fresh set size:undefined disposed:false
107 silly fetch manifest mime-types@^3.0.0
108 silly packumentCache full:https://registry.npmjs.org/mime-types cache-miss
109 http fetch GET 200 https://registry.npmjs.org/cookie 309ms (cache miss)
110 silly packumentCache full:https://registry.npmjs.org/cookie set size:undefined disposed:false
111 silly fetch manifest proxy-addr@^2.0.7
112 silly packumentCache full:https://registry.npmjs.org/proxy-addr cache-miss
113 http fetch GET 200 https://registry.npmjs.org/router 330ms (cache miss)
114 silly packumentCache full:https://registry.npmjs.org/router set size:undefined disposed:false
115 silly fetch manifest escape-html@^1.0.3
116 silly packumentCache full:https://registry.npmjs.org/escape-html cache-miss
117 http fetch GET 200 https://registry.npmjs.org/accepts 283ms (cache miss)
118 silly packumentCache full:https://registry.npmjs.org/accepts set size:undefined disposed:false
119 silly fetch manifest http-errors@^2.0.0
120 silly packumentCache full:https://registry.npmjs.org/http-errors cache-miss
121 http cache https://registry.npmjs.org/http-errors 54ms (cache hit)
122 silly packumentCache full:https://registry.npmjs.org/http-errors set size:71987 disposed:false
123 silly fetch manifest content-type@^1.0.5
124 silly packumentCache full:https://registry.npmjs.org/content-type cache-miss
125 http fetch GET 200 https://registry.npmjs.org/parseurl 296ms (cache miss)
126 silly packumentCache full:https://registry.npmjs.org/parseurl set size:undefined disposed:false
127 silly fetch manifest finalhandler@^2.1.0
128 silly packumentCache full:https://registry.npmjs.org/finalhandler cache-miss
129 http fetch GET 200 https://registry.npmjs.org/statuses 272ms (cache miss)
130 silly packumentCache full:https://registry.npmjs.org/statuses set size:undefined disposed:false
131 silly fetch manifest range-parser@^1.2.1
132 silly packumentCache full:https://registry.npmjs.org/range-parser cache-miss
133 http cache https://registry.npmjs.org/content-type 93ms (cache hit)
134 silly packumentCache full:https://registry.npmjs.org/content-type set size:23936 disposed:false
135 silly fetch manifest serve-static@^2.2.0
136 silly packumentCache full:https://registry.npmjs.org/serve-static cache-miss
137 http fetch GET 200 https://registry.npmjs.org/mime-types 280ms (cache revalidated)
138 silly packumentCache full:https://registry.npmjs.org/mime-types set size:139110 disposed:false
139 silly fetch manifest cookie-signature@^1.2.1
140 silly packumentCache full:https://registry.npmjs.org/cookie-signature cache-miss
141 http fetch GET 200 https://registry.npmjs.org/encodeurl 318ms (cache miss)
142 silly packumentCache full:https://registry.npmjs.org/encodeurl set size:undefined disposed:false
143 silly fetch manifest merge-descriptors@^2.0.0
144 silly packumentCache full:https://registry.npmjs.org/merge-descriptors cache-miss
145 http fetch GET 200 https://registry.npmjs.org/proxy-addr 304ms (cache miss)
146 silly packumentCache full:https://registry.npmjs.org/proxy-addr set size:undefined disposed:false
147 silly fetch manifest content-disposition@^1.0.0
148 silly packumentCache full:https://registry.npmjs.org/content-disposition cache-miss
149 http fetch GET 200 https://registry.npmjs.org/escape-html 275ms (cache miss)
150 silly packumentCache full:https://registry.npmjs.org/escape-html set size:undefined disposed:false
151 http fetch GET 200 https://registry.npmjs.org/range-parser 222ms (cache miss)
152 silly packumentCache full:https://registry.npmjs.org/range-parser set size:undefined disposed:false
153 http fetch GET 200 https://registry.npmjs.org/finalhandler 263ms (cache miss)
154 silly packumentCache full:https://registry.npmjs.org/finalhandler set size:undefined disposed:false
155 http fetch GET 200 https://registry.npmjs.org/merge-descriptors 213ms (cache miss)
156 silly packumentCache full:https://registry.npmjs.org/merge-descriptors set size:undefined disposed:false
157 http fetch GET 200 https://registry.npmjs.org/cookie-signature 236ms (cache miss)
158 silly packumentCache full:https://registry.npmjs.org/cookie-signature set size:undefined disposed:false
159 http fetch GET 200 https://registry.npmjs.org/serve-static 278ms (cache miss)
160 silly packumentCache full:https://registry.npmjs.org/serve-static set size:undefined disposed:false
161 http fetch GET 200 https://registry.npmjs.org/content-disposition 230ms (cache miss)
162 silly packumentCache full:https://registry.npmjs.org/content-disposition set size:undefined disposed:false
163 silly placeDep ROOT bytes@3.1.2 OK for: body-parser@2.3.0 want: ^3.1.2
164 silly placeDep ROOT content-type@2.1.0 OK for: body-parser@2.3.0 want: ^2.0.0
165 silly placeDep ROOT debug@4.4.3 OK for: body-parser@2.3.0 want: ^4.4.3
166 silly placeDep ROOT http-errors@2.0.1 OK for: body-parser@2.3.0 want: ^2.0.1
167 silly placeDep ROOT iconv-lite@0.7.3 OK for: body-parser@2.3.0 want: ^0.7.2
168 silly placeDep ROOT on-finished@2.4.1 OK for: body-parser@2.3.0 want: ^2.4.1
169 silly placeDep ROOT qs@6.15.3 OK for: body-parser@2.3.0 want: ^6.15.2
170 silly placeDep ROOT raw-body@3.0.2 OK for: body-parser@2.3.0 want: ^3.0.2
171 silly placeDep ROOT type-is@2.1.0 OK for: body-parser@2.3.0 want: ^2.1.0
172 silly fetch manifest ms@^2.1.3
173 silly packumentCache full:https://registry.npmjs.org/ms cache-miss
174 silly fetch manifest depd@~2.0.0
175 silly packumentCache full:https://registry.npmjs.org/depd cache-miss
176 silly fetch manifest inherits@~2.0.4
177 silly packumentCache full:https://registry.npmjs.org/inherits cache-miss
178 silly fetch manifest setprototypeof@~1.2.0
179 silly packumentCache full:https://registry.npmjs.org/setprototypeof cache-miss
180 silly fetch manifest statuses@~2.0.2
181 silly packumentCache full:https://registry.npmjs.org/statuses cache-miss
182 silly fetch manifest toidentifier@~1.0.1
183 silly packumentCache full:https://registry.npmjs.org/toidentifier cache-miss
184 silly fetch manifest safer-buffer@>= 2.1.2 < 3.0.0
185 silly packumentCache full:https://registry.npmjs.org/safer-buffer cache-miss
186 http cache https://registry.npmjs.org/depd 74ms (cache hit)
187 silly packumentCache full:https://registry.npmjs.org/depd set size:40182 disposed:false
188 silly fetch manifest ee-first@1.1.1
189 silly packumentCache full:https://registry.npmjs.org/ee-first cache-miss
190 http cache https://registry.npmjs.org/statuses 81ms (cache hit)
191 silly packumentCache full:https://registry.npmjs.org/statuses set size:37117 disposed:false
192 silly fetch manifest side-channel@^1.1.1
193 silly packumentCache full:https://registry.npmjs.org/side-channel cache-miss
194 http fetch GET 200 https://registry.npmjs.org/setprototypeof 202ms (cache miss)
195 silly packumentCache full:https://registry.npmjs.org/setprototypeof set size:undefined disposed:false
196 silly fetch manifest es-define-property@^1.0.1
197 silly packumentCache full:https://registry.npmjs.org/es-define-property cache-miss
198 http fetch GET 200 https://registry.npmjs.org/toidentifier 214ms (cache miss)
199 silly packumentCache full:https://registry.npmjs.org/toidentifier set size:undefined disposed:false
200 silly fetch manifest unpipe@~1.0.0
201 silly packumentCache full:https://registry.npmjs.org/unpipe cache-miss
202 http fetch GET 200 https://registry.npmjs.org/ms 243ms (cache revalidated)
203 silly packumentCache full:https://registry.npmjs.org/ms set size:92208 disposed:false
204 silly fetch manifest media-typer@^1.1.0
205 silly packumentCache full:https://registry.npmjs.org/media-typer cache-miss
206 http fetch GET 200 https://registry.npmjs.org/safer-buffer 263ms (cache revalidated)
207 silly packumentCache full:https://registry.npmjs.org/safer-buffer set size:18521 disposed:false
208 http fetch GET 200 https://registry.npmjs.org/inherits 304ms (cache revalidated)
209 silly packumentCache full:https://registry.npmjs.org/inherits set size:12925 disposed:false
210 http fetch GET 200 https://registry.npmjs.org/side-channel 216ms (cache revalidated)
211 silly packumentCache full:https://registry.npmjs.org/side-channel set size:27650 disposed:false
212 http fetch GET 200 https://registry.npmjs.org/ee-first 240ms (cache miss)
213 silly packumentCache full:https://registry.npmjs.org/ee-first set size:undefined disposed:false
214 http fetch GET 200 https://registry.npmjs.org/unpipe 186ms (cache miss)
215 silly packumentCache full:https://registry.npmjs.org/unpipe set size:undefined disposed:false
216 http fetch GET 200 https://registry.npmjs.org/es-define-property 247ms (cache revalidated)
217 silly packumentCache full:https://registry.npmjs.org/es-define-property set size:8542 disposed:false
218 http fetch GET 200 https://registry.npmjs.org/media-typer 211ms (cache miss)
219 silly packumentCache full:https://registry.npmjs.org/media-typer set size:undefined disposed:false
220 silly placeDep ROOT ms@2.1.3 OK for: debug@4.4.3 want: ^2.1.3
221 silly placeDep ROOT accepts@2.0.0 OK for: express@5.2.1 want: ^2.0.0
222 silly placeDep ROOT content-disposition@1.1.0 OK for: express@5.2.1 want: ^1.0.0
223 silly placeDep node_modules/express content-type@1.0.5 OK for: express@5.2.1 want: ^1.0.5
224 silly placeDep ROOT cookie@0.7.2 OK for: express@5.2.1 want: ^0.7.1
225 silly placeDep ROOT cookie-signature@1.2.2 OK for: express@5.2.1 want: ^1.2.1
226 silly placeDep ROOT depd@2.0.0 OK for: express@5.2.1 want: ^2.0.0
227 silly placeDep ROOT encodeurl@2.0.0 OK for: express@5.2.1 want: ^2.0.0
228 silly placeDep ROOT escape-html@1.0.3 OK for: express@5.2.1 want: ^1.0.3
229 silly placeDep ROOT etag@1.8.1 OK for: express@5.2.1 want: ^1.8.1
230 silly placeDep ROOT finalhandler@2.1.1 OK for: express@5.2.1 want: ^2.1.0
231 silly placeDep ROOT fresh@2.0.0 OK for: express@5.2.1 want: ^2.0.0
232 silly placeDep ROOT merge-descriptors@2.0.0 OK for: express@5.2.1 want: ^2.0.0
233 silly placeDep ROOT mime-types@3.0.2 OK for: express@5.2.1 want: ^3.0.0
234 silly placeDep ROOT once@1.4.0 OK for: express@5.2.1 want: ^1.4.0
235 silly placeDep ROOT parseurl@1.3.3 OK for: express@5.2.1 want: ^1.3.3
236 silly placeDep ROOT proxy-addr@2.0.7 OK for: express@5.2.1 want: ^2.0.7
237 silly placeDep ROOT range-parser@1.3.0 OK for: express@5.2.1 want: ^1.2.1
238 silly placeDep ROOT router@2.2.0 OK for: express@5.2.1 want: ^2.2.0
239 silly placeDep ROOT send@1.2.1 OK for: express@5.2.1 want: ^1.1.0
240 silly placeDep ROOT serve-static@2.2.1 OK for: express@5.2.1 want: ^2.2.0
241 silly placeDep ROOT statuses@2.0.2 OK for: express@5.2.1 want: ^2.0.1
242 silly placeDep ROOT vary@1.1.2 OK for: express@5.2.1 want: ^1.1.2
243 silly fetch manifest negotiator@^1.0.0
244 silly packumentCache full:https://registry.npmjs.org/negotiator cache-miss
245 silly fetch manifest mime-db@^1.54.0
246 silly packumentCache full:https://registry.npmjs.org/mime-db cache-miss
247 silly fetch manifest wrappy@1
248 silly packumentCache full:https://registry.npmjs.org/wrappy cache-miss
249 silly fetch manifest forwarded@0.2.0
250 silly packumentCache full:https://registry.npmjs.org/forwarded cache-miss
251 silly fetch manifest ipaddr.js@1.9.1
252 silly packumentCache full:https://registry.npmjs.org/ipaddr.js cache-miss
253 silly fetch manifest is-promise@^4.0.0
254 silly packumentCache full:https://registry.npmjs.org/is-promise cache-miss
255 silly fetch manifest path-to-regexp@^8.0.0
256 silly packumentCache full:https://registry.npmjs.org/path-to-regexp cache-miss
257 http fetch GET 200 https://registry.npmjs.org/mime-db 261ms (cache revalidated)
258 silly packumentCache full:https://registry.npmjs.org/mime-db set size:164953 disposed:false
259 silly fetch manifest statuses@^2.0.2
260 silly packumentCache full:https://registry.npmjs.org/statuses cache-hit
261 http fetch GET 200 https://registry.npmjs.org/is-promise 275ms (cache miss)
262 silly packumentCache full:https://registry.npmjs.org/is-promise set size:undefined disposed:false
263 http fetch GET 200 https://registry.npmjs.org/wrappy 290ms (cache miss)
264 silly packumentCache full:https://registry.npmjs.org/wrappy set size:undefined disposed:false
265 http fetch GET 200 https://registry.npmjs.org/forwarded 295ms (cache miss)
266 silly packumentCache full:https://registry.npmjs.org/forwarded set size:undefined disposed:false
267 http fetch GET 200 https://registry.npmjs.org/ipaddr.js 302ms (cache miss)
268 silly packumentCache full:https://registry.npmjs.org/ipaddr.js set size:undefined disposed:false
269 http fetch GET 200 https://registry.npmjs.org/negotiator 327ms (cache miss)
270 silly packumentCache full:https://registry.npmjs.org/negotiator set size:undefined disposed:false
271 http fetch GET 200 https://registry.npmjs.org/path-to-regexp 322ms (cache miss)
272 silly packumentCache full:https://registry.npmjs.org/path-to-regexp set size:undefined disposed:false
273 silly placeDep ROOT negotiator@1.1.0 OK for: accepts@2.0.0 want: ^1.0.0
274 silly placeDep ROOT inherits@2.0.4 OK for: http-errors@2.0.1 want: ~2.0.4
275 silly placeDep ROOT setprototypeof@1.2.0 OK for: http-errors@2.0.1 want: ~1.2.0
276 silly placeDep ROOT toidentifier@1.0.1 OK for: http-errors@2.0.1 want: ~1.0.1
277 silly placeDep ROOT safer-buffer@2.1.2 OK for: iconv-lite@0.7.3 want: >= 2.1.2 < 3.0.0
278 silly placeDep ROOT mime-db@1.54.0 OK for: mime-types@3.0.2 want: ^1.54.0
279 silly placeDep ROOT ee-first@1.1.1 OK for: on-finished@2.4.1 want: 1.1.1
280 silly placeDep ROOT wrappy@1.0.2 OK for: once@1.4.0 want: 1
281 silly placeDep ROOT forwarded@0.2.0 OK for: proxy-addr@2.0.7 want: 0.2.0
282 silly placeDep ROOT ipaddr.js@1.9.1 OK for: proxy-addr@2.0.7 want: 1.9.1
283 silly placeDep ROOT es-define-property@1.0.1 OK for: qs@6.15.3 want: ^1.0.1
284 silly placeDep ROOT side-channel@1.1.1 OK for: qs@6.15.3 want: ^1.1.1
285 silly fetch manifest es-errors@^1.3.0
286 silly packumentCache full:https://registry.npmjs.org/es-errors cache-miss
287 silly fetch manifest object-inspect@^1.13.4
288 silly packumentCache full:https://registry.npmjs.org/object-inspect cache-miss
289 silly fetch manifest side-channel-list@^1.0.1
290 silly packumentCache full:https://registry.npmjs.org/side-channel-list cache-miss
291 silly fetch manifest side-channel-map@^1.0.1
292 silly packumentCache full:https://registry.npmjs.org/side-channel-map cache-miss
293 silly fetch manifest side-channel-weakmap@^1.0.2
294 silly packumentCache full:https://registry.npmjs.org/side-channel-weakmap cache-miss
295 http fetch GET 200 https://registry.npmjs.org/side-channel-list 203ms (cache revalidated)
296 silly packumentCache full:https://registry.npmjs.org/side-channel-list set size:9021 disposed:false
297 http fetch GET 200 https://registry.npmjs.org/side-channel-map 206ms (cache revalidated)
298 silly packumentCache full:https://registry.npmjs.org/side-channel-map set size:9126 disposed:false
299 http fetch GET 200 https://registry.npmjs.org/es-errors 217ms (cache revalidated)
300 silly packumentCache full:https://registry.npmjs.org/es-errors set size:16918 disposed:false
301 http fetch GET 200 https://registry.npmjs.org/object-inspect 222ms (cache revalidated)
302 silly packumentCache full:https://registry.npmjs.org/object-inspect set size:101927 disposed:false
303 http fetch GET 200 https://registry.npmjs.org/side-channel-weakmap 277ms (cache revalidated)
304 silly packumentCache full:https://registry.npmjs.org/side-channel-weakmap set size:12620 disposed:false
305 silly placeDep ROOT unpipe@1.0.0 OK for: raw-body@3.0.2 want: ~1.0.0
306 silly placeDep ROOT is-promise@4.0.0 OK for: router@2.2.0 want: ^4.0.0
307 silly placeDep ROOT path-to-regexp@8.4.2 OK for: router@2.2.0 want: ^8.0.0
308 silly placeDep ROOT es-errors@1.3.0 OK for: side-channel@1.1.1 want: ^1.3.0
309 silly placeDep ROOT object-inspect@1.13.4 OK for: side-channel@1.1.1 want: ^1.13.4
310 silly placeDep ROOT side-channel-list@1.0.1 OK for: side-channel@1.1.1 want: ^1.0.1
311 silly placeDep ROOT side-channel-map@1.0.1 OK for: side-channel@1.1.1 want: ^1.0.1
312 silly placeDep ROOT side-channel-weakmap@1.0.2 OK for: side-channel@1.1.1 want: ^1.0.2
313 silly fetch manifest call-bound@^1.0.2
314 silly packumentCache full:https://registry.npmjs.org/call-bound cache-miss
315 silly fetch manifest get-intrinsic@^1.2.5
316 silly packumentCache full:https://registry.npmjs.org/get-intrinsic cache-miss
317 silly fetch manifest call-bound@^1.0.2
318 silly packumentCache full:https://registry.npmjs.org/call-bound cache-miss
319 silly fetch manifest get-intrinsic@^1.2.5
320 silly packumentCache full:https://registry.npmjs.org/get-intrinsic cache-miss
321 http fetch GET 200 https://registry.npmjs.org/call-bound 211ms (cache revalidated)
322 silly packumentCache full:https://registry.npmjs.org/call-bound set size:15317 disposed:false
323 http fetch GET 200 https://registry.npmjs.org/call-bound 226ms (cache revalidated)
324 silly packumentCache full:https://registry.npmjs.org/call-bound set size:15317 disposed:false
325 silly packumentCache full:https://registry.npmjs.org/call-bound dispose
326 http fetch GET 200 https://registry.npmjs.org/get-intrinsic 225ms (cache revalidated)
327 silly packumentCache full:https://registry.npmjs.org/get-intrinsic set size:60985 disposed:false
328 http fetch GET 200 https://registry.npmjs.org/get-intrinsic 237ms (cache revalidated)
329 silly packumentCache full:https://registry.npmjs.org/get-intrinsic set size:60985 disposed:false
330 silly packumentCache full:https://registry.npmjs.org/get-intrinsic dispose
331 silly placeDep ROOT call-bound@1.0.4 OK for: side-channel-map@1.0.1 want: ^1.0.2
332 silly placeDep ROOT get-intrinsic@1.3.0 OK for: side-channel-map@1.0.1 want: ^1.2.5
333 silly fetch manifest call-bind-apply-helpers@^1.0.2
334 silly packumentCache full:https://registry.npmjs.org/call-bind-apply-helpers cache-miss
335 silly fetch manifest get-intrinsic@^1.3.0
336 silly packumentCache full:https://registry.npmjs.org/get-intrinsic cache-hit
337 silly fetch manifest gopd@^1.2.0
338 silly packumentCache full:https://registry.npmjs.org/gopd cache-miss
339 silly fetch manifest hasown@^2.0.2
340 silly packumentCache full:https://registry.npmjs.org/hasown cache-miss
341 silly fetch manifest get-proto@^1.0.1
342 silly packumentCache full:https://registry.npmjs.org/get-proto cache-miss
343 silly fetch manifest has-symbols@^1.1.0
344 silly packumentCache full:https://registry.npmjs.org/has-symbols cache-miss
345 silly fetch manifest function-bind@^1.1.2
346 silly packumentCache full:https://registry.npmjs.org/function-bind cache-miss
347 silly fetch manifest es-object-atoms@^1.1.1
348 silly packumentCache full:https://registry.npmjs.org/es-object-atoms cache-miss
349 http fetch GET 200 https://registry.npmjs.org/gopd 233ms (cache revalidated)
350 silly packumentCache full:https://registry.npmjs.org/gopd set size:11483 disposed:false
351 silly fetch manifest math-intrinsics@^1.1.0
352 silly packumentCache full:https://registry.npmjs.org/math-intrinsics cache-miss
353 http fetch GET 200 https://registry.npmjs.org/call-bind-apply-helpers 244ms (cache revalidated)
354 silly packumentCache full:https://registry.npmjs.org/call-bind-apply-helpers set size:12744 disposed:false
355 http fetch GET 200 https://registry.npmjs.org/has-symbols 242ms (cache revalidated)
356 silly packumentCache full:https://registry.npmjs.org/has-symbols set size:21550 disposed:false
357 http fetch GET 200 https://registry.npmjs.org/function-bind 247ms (cache revalidated)
358 silly packumentCache full:https://registry.npmjs.org/function-bind set size:15733 disposed:false
359 http fetch GET 200 https://registry.npmjs.org/es-object-atoms 246ms (cache revalidated)
360 silly packumentCache full:https://registry.npmjs.org/es-object-atoms set size:18278 disposed:false
361 http fetch GET 200 https://registry.npmjs.org/get-proto 265ms (cache revalidated)
362 silly packumentCache full:https://registry.npmjs.org/get-proto set size:8300 disposed:false
363 http fetch GET 200 https://registry.npmjs.org/hasown 404ms (cache revalidated)
364 silly packumentCache full:https://registry.npmjs.org/hasown set size:18361 disposed:false
365 http fetch GET 200 https://registry.npmjs.org/math-intrinsics 234ms (cache revalidated)
366 silly packumentCache full:https://registry.npmjs.org/math-intrinsics set size:9265 disposed:false
367 silly placeDep ROOT call-bind-apply-helpers@1.0.2 OK for: call-bound@1.0.4 want: ^1.0.2
368 silly placeDep ROOT function-bind@1.1.2 OK for: call-bind-apply-helpers@1.0.2 want: ^1.1.2
369 silly placeDep ROOT es-object-atoms@1.1.2 OK for: get-intrinsic@1.3.0 want: ^1.1.1
370 silly placeDep ROOT get-proto@1.0.1 OK for: get-intrinsic@1.3.0 want: ^1.0.1
371 silly placeDep ROOT gopd@1.2.0 OK for: get-intrinsic@1.3.0 want: ^1.2.0
372 silly placeDep ROOT has-symbols@1.1.0 OK for: get-intrinsic@1.3.0 want: ^1.1.0
373 silly placeDep ROOT hasown@2.0.4 OK for: get-intrinsic@1.3.0 want: ^2.0.2
374 silly placeDep ROOT math-intrinsics@1.1.0 OK for: get-intrinsic@1.3.0 want: ^1.1.0
375 silly fetch manifest dunder-proto@^1.0.1
376 silly packumentCache full:https://registry.npmjs.org/dunder-proto cache-miss
377 http fetch GET 200 https://registry.npmjs.org/dunder-proto 178ms (cache revalidated)
378 silly packumentCache full:https://registry.npmjs.org/dunder-proto set size:8256 disposed:false
379 silly placeDep ROOT dunder-proto@1.0.1 OK for: get-proto@1.0.1 want: ^1.0.1
380 silly placeDep ROOT media-typer@1.1.1 OK for: type-is@2.1.0 want: ^1.1.0
381 silly reify moves {}
382 silly audit bulk request {
382 silly audit   'body-parser': [ '2.3.0' ],
382 silly audit   express: [ '5.2.1' ],
382 silly audit   bytes: [ '3.1.2' ],
382 silly audit   'content-type': [ '2.1.0', '1.0.5' ],
382 silly audit   debug: [ '4.4.3' ],
382 silly audit   'http-errors': [ '2.0.1' ],
382 silly audit   'iconv-lite': [ '0.7.3' ],
382 silly audit   'on-finished': [ '2.4.1' ],
382 silly audit   qs: [ '6.15.3' ],
382 silly audit   'raw-body': [ '3.0.2' ],
382 silly audit   'type-is': [ '2.1.0' ],
382 silly audit   ms: [ '2.1.3' ],
382 silly audit   accepts: [ '2.0.0' ],
382 silly audit   'content-disposition': [ '1.1.0' ],
382 silly audit   cookie: [ '0.7.2' ],
382 silly audit   'cookie-signature': [ '1.2.2' ],
382 silly audit   depd: [ '2.0.0' ],
382 silly audit   encodeurl: [ '2.0.0' ],
382 silly audit   'escape-html': [ '1.0.3' ],
382 silly audit   etag: [ '1.8.1' ],
382 silly audit   finalhandler: [ '2.1.1' ],
382 silly audit   fresh: [ '2.0.0' ],
382 silly audit   'merge-descriptors': [ '2.0.0' ],
382 silly audit   'mime-types': [ '3.0.2' ],
382 silly audit   once: [ '1.4.0' ],
382 silly audit   parseurl: [ '1.3.3' ],
382 silly audit   'proxy-addr': [ '2.0.7' ],
382 silly audit   'range-parser': [ '1.3.0' ],
382 silly audit   router: [ '2.2.0' ],
382 silly audit   send: [ '1.2.1' ],
382 silly audit   'serve-static': [ '2.2.1' ],
382 silly audit   statuses: [ '2.0.2' ],
382 silly audit   vary: [ '1.1.2' ],
382 silly audit   negotiator: [ '1.1.0' ],
382 silly audit   inherits: [ '2.0.4' ],
382 silly audit   setprototypeof: [ '1.2.0' ],
382 silly audit   toidentifier: [ '1.0.1' ],
382 silly audit   'safer-buffer': [ '2.1.2' ],
382 silly audit   'mime-db': [ '1.54.0' ],
382 silly audit   'ee-first': [ '1.1.1' ],
382 silly audit   wrappy: [ '1.0.2' ],
382 silly audit   forwarded: [ '0.2.0' ],
382 silly audit   'ipaddr.js': [ '1.9.1' ],
382 silly audit   'es-define-property': [ '1.0.1' ],
382 silly audit   'side-channel': [ '1.1.1' ],
382 silly audit   unpipe: [ '1.0.0' ],
382 silly audit   'is-promise': [ '4.0.0' ],
382 silly audit   'path-to-regexp': [ '8.4.2' ],
382 silly audit   'es-errors': [ '1.3.0' ],
382 silly audit   'object-inspect': [ '1.13.4' ],
382 silly audit   'side-channel-list': [ '1.0.1' ],
382 silly audit   'side-channel-map': [ '1.0.1' ],
382 silly audit   'side-channel-weakmap': [ '1.0.2' ],
382 silly audit   'call-bound': [ '1.0.4' ],
382 silly audit   'get-intrinsic': [ '1.3.0' ],
382 silly audit   'call-bind-apply-helpers': [ '1.0.2' ],
382 silly audit   'function-bind': [ '1.1.2' ],
382 silly audit   'es-object-atoms': [ '1.1.2' ],
382 silly audit   'get-proto': [ '1.0.1' ],
382 silly audit   gopd: [ '1.2.0' ],
382 silly audit   'has-symbols': [ '1.1.0' ],
382 silly audit   hasown: [ '2.0.4' ],
382 silly audit   'math-intrinsics': [ '1.1.0' ],
382 silly audit   'dunder-proto': [ '1.0.1' ],
382 silly audit   'media-typer': [ '1.1.1' ]
382 silly audit }
383 http cache media-typer@https://registry.npmjs.org/media-typer/-/media-typer-1.1.1.tgz 0ms (cache hit)
384 http cache math-intrinsics@https://registry.npmjs.org/math-intrinsics/-/math-intrinsics-1.1.0.tgz 0ms (cache hit)
385 http cache dunder-proto@https://registry.npmjs.org/dunder-proto/-/dunder-proto-1.0.1.tgz 0ms (cache hit)
386 http cache hasown@https://registry.npmjs.org/hasown/-/hasown-2.0.4.tgz 0ms (cache hit)
387 http cache has-symbols@https://registry.npmjs.org/has-symbols/-/has-symbols-1.1.0.tgz 0ms (cache hit)
388 http cache gopd@https://registry.npmjs.org/gopd/-/gopd-1.2.0.tgz 0ms (cache hit)
389 http cache get-proto@https://registry.npmjs.org/get-proto/-/get-proto-1.0.1.tgz 0ms (cache hit)
390 http cache es-object-atoms@https://registry.npmjs.org/es-object-atoms/-/es-object-atoms-1.1.2.tgz 0ms (cache hit)
391 http cache function-bind@https://registry.npmjs.org/function-bind/-/function-bind-1.1.2.tgz 0ms (cache hit)
392 http cache get-intrinsic@https://registry.npmjs.org/get-intrinsic/-/get-intrinsic-1.3.0.tgz 0ms (cache hit)
393 http cache call-bind-apply-helpers@https://registry.npmjs.org/call-bind-apply-helpers/-/call-bind-apply-helpers-1.0.2.tgz 0ms (cache hit)
394 http cache call-bound@https://registry.npmjs.org/call-bound/-/call-bound-1.0.4.tgz 0ms (cache hit)
395 http cache side-channel-weakmap@https://registry.npmjs.org/side-channel-weakmap/-/side-channel-weakmap-1.0.2.tgz 0ms (cache hit)
396 http cache side-channel-list@https://registry.npmjs.org/side-channel-list/-/side-channel-list-1.0.1.tgz 1ms (cache hit)
397 http cache es-errors@https://registry.npmjs.org/es-errors/-/es-errors-1.3.0.tgz 0ms (cache hit)
398 http cache path-to-regexp@https://registry.npmjs.org/path-to-regexp/-/path-to-regexp-8.4.2.tgz 0ms (cache hit)
399 http cache object-inspect@https://registry.npmjs.org/object-inspect/-/object-inspect-1.13.4.tgz 0ms (cache hit)
400 http cache is-promise@https://registry.npmjs.org/is-promise/-/is-promise-4.0.0.tgz 0ms (cache hit)
401 http cache unpipe@https://registry.npmjs.org/unpipe/-/unpipe-1.0.0.tgz 0ms (cache hit)
402 http cache side-channel@https://registry.npmjs.org/side-channel/-/side-channel-1.1.1.tgz 0ms (cache hit)
403 http cache ipaddr.js@https://registry.npmjs.org/ipaddr.js/-/ipaddr.js-1.9.1.tgz 0ms (cache hit)
404 http cache es-define-property@https://registry.npmjs.org/es-define-property/-/es-define-property-1.0.1.tgz 0ms (cache hit)
405 http cache side-channel-map@https://registry.npmjs.org/side-channel-map/-/side-channel-map-1.0.1.tgz 0ms (cache hit)
406 http cache forwarded@https://registry.npmjs.org/forwarded/-/forwarded-0.2.0.tgz 0ms (cache hit)
407 http cache wrappy@https://registry.npmjs.org/wrappy/-/wrappy-1.0.2.tgz 1ms (cache hit)
408 http cache mime-db@https://registry.npmjs.org/mime-db/-/mime-db-1.54.0.tgz 0ms (cache hit)
409 http cache safer-buffer@https://registry.npmjs.org/safer-buffer/-/safer-buffer-2.1.2.tgz 0ms (cache hit)
410 http cache ee-first@https://registry.npmjs.org/ee-first/-/ee-first-1.1.1.tgz 1ms (cache hit)
411 http cache toidentifier@https://registry.npmjs.org/toidentifier/-/toidentifier-1.0.1.tgz 0ms (cache hit)
412 http cache setprototypeof@https://registry.npmjs.org/setprototypeof/-/setprototypeof-1.2.0.tgz 0ms (cache hit)
413 http cache inherits@https://registry.npmjs.org/inherits/-/inherits-2.0.4.tgz 0ms (cache hit)
414 http cache negotiator@https://registry.npmjs.org/negotiator/-/negotiator-1.1.0.tgz 0ms (cache hit)
415 http cache vary@https://registry.npmjs.org/vary/-/vary-1.1.2.tgz 0ms (cache hit)
416 http cache statuses@https://registry.npmjs.org/statuses/-/statuses-2.0.2.tgz 0ms (cache hit)
417 http cache serve-static@https://registry.npmjs.org/serve-static/-/serve-static-2.2.1.tgz 0ms (cache hit)
418 http cache send@https://registry.npmjs.org/send/-/send-1.2.1.tgz 0ms (cache hit)
419 http cache router@https://registry.npmjs.org/router/-/router-2.2.0.tgz 0ms (cache hit)
420 http cache range-parser@https://registry.npmjs.org/range-parser/-/range-parser-1.3.0.tgz 0ms (cache hit)
421 http cache proxy-addr@https://registry.npmjs.org/proxy-addr/-/proxy-addr-2.0.7.tgz 0ms (cache hit)
422 http cache parseurl@https://registry.npmjs.org/parseurl/-/parseurl-1.3.3.tgz 0ms (cache hit)
423 http cache once@https://registry.npmjs.org/once/-/once-1.4.0.tgz 0ms (cache hit)
424 http cache mime-types@https://registry.npmjs.org/mime-types/-/mime-types-3.0.2.tgz 0ms (cache hit)
425 http cache merge-descriptors@https://registry.npmjs.org/merge-descriptors/-/merge-descriptors-2.0.0.tgz 0ms (cache hit)
426 http cache fresh@https://registry.npmjs.org/fresh/-/fresh-2.0.0.tgz 0ms (cache hit)
427 http cache finalhandler@https://registry.npmjs.org/finalhandler/-/finalhandler-2.1.1.tgz 0ms (cache hit)
428 http cache etag@https://registry.npmjs.org/etag/-/etag-1.8.1.tgz 0ms (cache hit)
429 http cache escape-html@https://registry.npmjs.org/escape-html/-/escape-html-1.0.3.tgz 0ms (cache hit)
430 http cache encodeurl@https://registry.npmjs.org/encodeurl/-/encodeurl-2.0.0.tgz 0ms (cache hit)
431 http cache depd@https://registry.npmjs.org/depd/-/depd-2.0.0.tgz 0ms (cache hit)
432 http cache cookie-signature@https://registry.npmjs.org/cookie-signature/-/cookie-signature-1.2.2.tgz 0ms (cache hit)
433 http cache cookie@https://registry.npmjs.org/cookie/-/cookie-0.7.2.tgz 0ms (cache hit)
434 http cache content-disposition@https://registry.npmjs.org/content-disposition/-/content-disposition-1.1.0.tgz 0ms (cache hit)
435 http cache accepts@https://registry.npmjs.org/accepts/-/accepts-2.0.0.tgz 0ms (cache hit)
436 http cache ms@https://registry.npmjs.org/ms/-/ms-2.1.3.tgz 0ms (cache hit)
437 http cache type-is@https://registry.npmjs.org/type-is/-/type-is-2.1.0.tgz 0ms (cache hit)
438 http cache raw-body@https://registry.npmjs.org/raw-body/-/raw-body-3.0.2.tgz 0ms (cache hit)
439 http cache qs@https://registry.npmjs.org/qs/-/qs-6.15.3.tgz 0ms (cache hit)
440 http cache on-finished@https://registry.npmjs.org/on-finished/-/on-finished-2.4.1.tgz 0ms (cache hit)
441 http cache iconv-lite@https://registry.npmjs.org/iconv-lite/-/iconv-lite-0.7.3.tgz 0ms (cache hit)
442 http cache http-errors@https://registry.npmjs.org/http-errors/-/http-errors-2.0.1.tgz 0ms (cache hit)
443 http cache debug@https://registry.npmjs.org/debug/-/debug-4.4.3.tgz 0ms (cache hit)
444 http cache content-type@https://registry.npmjs.org/content-type/-/content-type-2.1.0.tgz 0ms (cache hit)
445 http cache bytes@https://registry.npmjs.org/bytes/-/bytes-3.1.2.tgz 0ms (cache hit)
446 http cache express@https://registry.npmjs.org/express/-/express-5.2.1.tgz 0ms (cache hit)
447 http cache body-parser@https://registry.npmjs.org/body-parser/-/body-parser-2.3.0.tgz 0ms (cache hit)
448 http cache content-type@https://registry.npmjs.org/content-type/-/content-type-1.0.5.tgz 0ms (cache hit)
449 silly tarball no local data for media-typer@https://registry.npmjs.org/media-typer/-/media-typer-1.1.1.tgz. Extracting by manifest.
450 silly tarball no local data for path-to-regexp@https://registry.npmjs.org/path-to-regexp/-/path-to-regexp-8.4.2.tgz. Extracting by manifest.
451 silly tarball no local data for is-promise@https://registry.npmjs.org/is-promise/-/is-promise-4.0.0.tgz. Extracting by manifest.
452 silly tarball no local data for unpipe@https://registry.npmjs.org/unpipe/-/unpipe-1.0.0.tgz. Extracting by manifest.
453 silly tarball no local data for ipaddr.js@https://registry.npmjs.org/ipaddr.js/-/ipaddr.js-1.9.1.tgz. Extracting by manifest.
454 silly tarball no local data for forwarded@https://registry.npmjs.org/forwarded/-/forwarded-0.2.0.tgz. Extracting by manifest.
455 silly tarball no local data for wrappy@https://registry.npmjs.org/wrappy/-/wrappy-1.0.2.tgz. Extracting by manifest.
456 silly tarball no local data for mime-db@https://registry.npmjs.org/mime-db/-/mime-db-1.54.0.tgz. Extracting by manifest.
457 silly tarball no local data for ee-first@https://registry.npmjs.org/ee-first/-/ee-first-1.1.1.tgz. Extracting by manifest.
458 silly tarball no local data for toidentifier@https://registry.npmjs.org/toidentifier/-/toidentifier-1.0.1.tgz. Extracting by manifest.
459 silly tarball no local data for setprototypeof@https://registry.npmjs.org/setprototypeof/-/setprototypeof-1.2.0.tgz. Extracting by manifest.
460 silly tarball no local data for negotiator@https://registry.npmjs.org/negotiator/-/negotiator-1.1.0.tgz. Extracting by manifest.
461 silly tarball no local data for vary@https://registry.npmjs.org/vary/-/vary-1.1.2.tgz. Extracting by manifest.
462 silly tarball no local data for statuses@https://registry.npmjs.org/statuses/-/statuses-2.0.2.tgz. Extracting by manifest.
463 silly tarball no local data for serve-static@https://registry.npmjs.org/serve-static/-/serve-static-2.2.1.tgz. Extracting by manifest.
464 silly tarball no local data for send@https://registry.npmjs.org/send/-/send-1.2.1.tgz. Extracting by manifest.
465 silly tarball no local data for router@https://registry.npmjs.org/router/-/router-2.2.0.tgz. Extracting by manifest.
466 silly tarball no local data for range-parser@https://registry.npmjs.org/range-parser/-/range-parser-1.3.0.tgz. Extracting by manifest.
467 silly tarball no local data for proxy-addr@https://registry.npmjs.org/proxy-addr/-/proxy-addr-2.0.7.tgz. Extracting by manifest.
468 silly tarball no local data for parseurl@https://registry.npmjs.org/parseurl/-/parseurl-1.3.3.tgz. Extracting by manifest.
469 silly tarball no local data for once@https://registry.npmjs.org/once/-/once-1.4.0.tgz. Extracting by manifest.
470 silly tarball no local data for mime-types@https://registry.npmjs.org/mime-types/-/mime-types-3.0.2.tgz. Extracting by manifest.
471 silly tarball no local data for merge-descriptors@https://registry.npmjs.org/merge-descriptors/-/merge-descriptors-2.0.0.tgz. Extracting by manifest.
472 silly tarball no local data for fresh@https://registry.npmjs.org/fresh/-/fresh-2.0.0.tgz. Extracting by manifest.
473 silly tarball no local data for finalhandler@https://registry.npmjs.org/finalhandler/-/finalhandler-2.1.1.tgz. Extracting by manifest.
474 silly tarball no local data for etag@https://registry.npmjs.org/etag/-/etag-1.8.1.tgz. Extracting by manifest.
475 silly tarball no local data for escape-html@https://registry.npmjs.org/escape-html/-/escape-html-1.0.3.tgz. Extracting by manifest.
476 silly tarball no local data for encodeurl@https://registry.npmjs.org/encodeurl/-/encodeurl-2.0.0.tgz. Extracting by manifest.
477 silly tarball no local data for depd@https://registry.npmjs.org/depd/-/depd-2.0.0.tgz. Extracting by manifest.
478 silly tarball no local data for cookie-signature@https://registry.npmjs.org/cookie-signature/-/cookie-signature-1.2.2.tgz. Extracting by manifest.
479 silly tarball no local data for cookie@https://registry.npmjs.org/cookie/-/cookie-0.7.2.tgz. Extracting by manifest.
480 silly tarball no local data for content-disposition@https://registry.npmjs.org/content-disposition/-/content-disposition-1.1.0.tgz. Extracting by manifest.
481 silly tarball no local data for accepts@https://registry.npmjs.org/accepts/-/accepts-2.0.0.tgz. Extracting by manifest.
482 silly tarball no local data for type-is@https://registry.npmjs.org/type-is/-/type-is-2.1.0.tgz. Extracting by manifest.
483 silly tarball no local data for raw-body@https://registry.npmjs.org/raw-body/-/raw-body-3.0.2.tgz. Extracting by manifest.
484 silly tarball no local data for on-finished@https://registry.npmjs.org/on-finished/-/on-finished-2.4.1.tgz. Extracting by manifest.
485 silly tarball no local data for http-errors@https://registry.npmjs.org/http-errors/-/http-errors-2.0.1.tgz. Extracting by manifest.
486 silly tarball no local data for content-type@https://registry.npmjs.org/content-type/-/content-type-2.1.0.tgz. Extracting by manifest.
487 silly tarball no local data for bytes@https://registry.npmjs.org/bytes/-/bytes-3.1.2.tgz. Extracting by manifest.
488 silly tarball no local data for express@https://registry.npmjs.org/express/-/express-5.2.1.tgz. Extracting by manifest.
489 silly tarball no local data for body-parser@https://registry.npmjs.org/body-parser/-/body-parser-2.3.0.tgz. Extracting by manifest.
490 silly tarball no local data for content-type@https://registry.npmjs.org/content-type/-/content-type-1.0.5.tgz. Extracting by manifest.
491 http fetch POST 200 https://registry.npmjs.org/-/npm/v1/security/advisories/bulk 943ms
492 silly audit report {}
493 http fetch GET 200 https://registry.npmjs.org/unpipe/-/unpipe-1.0.0.tgz 1409ms (cache miss)
494 http fetch GET 200 https://registry.npmjs.org/forwarded/-/forwarded-0.2.0.tgz 1453ms (cache miss)
495 http fetch GET 200 https://registry.npmjs.org/media-typer/-/media-typer-1.1.1.tgz 1494ms (cache miss)
496 http fetch GET 200 https://registry.npmjs.org/is-promise/-/is-promise-4.0.0.tgz 1549ms (cache miss)
497 http fetch GET 200 https://registry.npmjs.org/path-to-regexp/-/path-to-regexp-8.4.2.tgz 1565ms (cache miss)
498 http fetch GET 200 https://registry.npmjs.org/ipaddr.js/-/ipaddr.js-1.9.1.tgz 1633ms (cache miss)
499 http fetch GET 200 https://registry.npmjs.org/serve-static/-/serve-static-2.2.1.tgz 1659ms (cache miss)
500 http fetch GET 200 https://registry.npmjs.org/range-parser/-/range-parser-1.3.0.tgz 1650ms (cache miss)
501 http fetch GET 200 https://registry.npmjs.org/once/-/once-1.4.0.tgz 1645ms (cache miss)
502 http fetch GET 200 https://registry.npmjs.org/send/-/send-1.2.1.tgz 1715ms (cache miss)
503 http fetch GET 200 https://registry.npmjs.org/router/-/router-2.2.0.tgz 1714ms (cache miss)
504 http fetch GET 200 https://registry.npmjs.org/merge-descriptors/-/merge-descriptors-2.0.0.tgz 1696ms (cache miss)
505 http fetch GET 200 https://registry.npmjs.org/proxy-addr/-/proxy-addr-2.0.7.tgz 1732ms (cache miss)
506 http fetch GET 200 https://registry.npmjs.org/fresh/-/fresh-2.0.0.tgz 1717ms (cache miss)
507 http fetch GET 200 https://registry.npmjs.org/encodeurl/-/encodeurl-2.0.0.tgz 1705ms (cache miss)
508 http fetch GET 200 https://registry.npmjs.org/escape-html/-/escape-html-1.0.3.tgz 1712ms (cache miss)
509 http fetch GET 200 https://registry.npmjs.org/parseurl/-/parseurl-1.3.3.tgz 1755ms (cache miss)
510 http fetch GET 200 https://registry.npmjs.org/mime-types/-/mime-types-3.0.2.tgz 1751ms (cache miss)
511 http fetch GET 200 https://registry.npmjs.org/etag/-/etag-1.8.1.tgz 1740ms (cache miss)
512 http fetch GET 200 https://registry.npmjs.org/finalhandler/-/finalhandler-2.1.1.tgz 1746ms (cache miss)
513 http fetch GET 200 https://registry.npmjs.org/cookie-signature/-/cookie-signature-1.2.2.tgz 1745ms (cache miss)
514 http fetch GET 200 https://registry.npmjs.org/cookie/-/cookie-0.7.2.tgz 1771ms (cache miss)
515 http fetch GET 200 https://registry.npmjs.org/wrappy/-/wrappy-1.0.2.tgz 1862ms (cache miss)
516 http fetch GET 200 https://registry.npmjs.org/content-disposition/-/content-disposition-1.1.0.tgz 1785ms (cache miss)
517 http fetch GET 200 https://registry.npmjs.org/accepts/-/accepts-2.0.0.tgz 1784ms (cache miss)
518 http fetch GET 200 https://registry.npmjs.org/depd/-/depd-2.0.0.tgz 1808ms (cache miss)
519 http fetch GET 200 https://registry.npmjs.org/ee-first/-/ee-first-1.1.1.tgz 1885ms (cache miss)
520 http fetch GET 200 https://registry.npmjs.org/type-is/-/type-is-2.1.0.tgz 1799ms (cache miss)
521 http fetch GET 200 https://registry.npmjs.org/toidentifier/-/toidentifier-1.0.1.tgz 1897ms (cache miss)
522 http fetch GET 200 https://registry.npmjs.org/on-finished/-/on-finished-2.4.1.tgz 1809ms (cache miss)
523 http fetch GET 200 https://registry.npmjs.org/http-errors/-/http-errors-2.0.1.tgz 1808ms (cache miss)
524 http fetch GET 200 https://registry.npmjs.org/raw-body/-/raw-body-3.0.2.tgz 1827ms (cache miss)
525 http fetch GET 200 https://registry.npmjs.org/setprototypeof/-/setprototypeof-1.2.0.tgz 1929ms (cache miss)
526 http fetch GET 200 https://registry.npmjs.org/content-type/-/content-type-2.1.0.tgz 1834ms (cache miss)
527 http fetch GET 200 https://registry.npmjs.org/statuses/-/statuses-2.0.2.tgz 1931ms (cache miss)
528 http fetch GET 200 https://registry.npmjs.org/vary/-/vary-1.1.2.tgz 1937ms (cache miss)
529 http fetch GET 200 https://registry.npmjs.org/bytes/-/bytes-3.1.2.tgz 1845ms (cache miss)
530 http fetch GET 200 https://registry.npmjs.org/content-type/-/content-type-1.0.5.tgz 1848ms (cache miss)
531 http fetch GET 200 https://registry.npmjs.org/negotiator/-/negotiator-1.1.0.tgz 1967ms (cache miss)
532 http fetch GET 200 https://registry.npmjs.org/mime-db/-/mime-db-1.54.0.tgz 2028ms (cache miss)
533 http fetch GET 200 https://registry.npmjs.org/express/-/express-5.2.1.tgz 1943ms (cache miss)
534 http fetch GET 200 https://registry.npmjs.org/body-parser/-/body-parser-2.3.0.tgz 1948ms (cache miss)
535 silly ADD node_modules/media-typer
536 silly ADD node_modules/dunder-proto
537 silly ADD node_modules/math-intrinsics
538 silly ADD node_modules/hasown
539 silly ADD node_modules/has-symbols
540 silly ADD node_modules/gopd
541 silly ADD node_modules/get-proto
542 silly ADD node_modules/es-object-atoms
543 silly ADD node_modules/function-bind
544 silly ADD node_modules/call-bind-apply-helpers
545 silly ADD node_modules/get-intrinsic
546 silly ADD node_modules/call-bound
547 silly ADD node_modules/side-channel-weakmap
548 silly ADD node_modules/side-channel-map
549 silly ADD node_modules/side-channel-list
550 silly ADD node_modules/object-inspect
551 silly ADD node_modules/es-errors
552 silly ADD node_modules/path-to-regexp
553 silly ADD node_modules/is-promise
554 silly ADD node_modules/unpipe
555 silly ADD node_modules/side-channel
556 silly ADD node_modules/es-define-property
557 silly ADD node_modules/ipaddr.js
558 silly ADD node_modules/forwarded
559 silly ADD node_modules/wrappy
560 silly ADD node_modules/ee-first
561 silly ADD node_modules/mime-db
562 silly ADD node_modules/safer-buffer
563 silly ADD node_modules/toidentifier
564 silly ADD node_modules/setprototypeof
565 silly ADD node_modules/inherits
566 silly ADD node_modules/negotiator
567 silly ADD node_modules/vary
568 silly ADD node_modules/statuses
569 silly ADD node_modules/serve-static
570 silly ADD node_modules/send
571 silly ADD node_modules/router
572 silly ADD node_modules/range-parser
573 silly ADD node_modules/proxy-addr
574 silly ADD node_modules/parseurl
575 silly ADD node_modules/once
576 silly ADD node_modules/mime-types
577 silly ADD node_modules/merge-descriptors
578 silly ADD node_modules/fresh
579 silly ADD node_modules/finalhandler
580 silly ADD node_modules/etag
581 silly ADD node_modules/escape-html
582 silly ADD node_modules/encodeurl
583 silly ADD node_modules/depd
584 silly ADD node_modules/cookie-signature
585 silly ADD node_modules/cookie
586 silly ADD node_modules/content-disposition
587 silly ADD node_modules/accepts
588 silly ADD node_modules/ms
589 silly ADD node_modules/type-is
590 silly ADD node_modules/raw-body
591 silly ADD node_modules/qs
592 silly ADD node_modules/on-finished
593 silly ADD node_modules/iconv-lite
594 silly ADD node_modules/http-errors
595 silly ADD node_modules/debug
596 silly ADD node_modules/content-type
597 silly ADD node_modules/bytes
598 silly ADD node_modules/express
599 silly ADD node_modules/express/node_modules/content-type
600 silly ADD node_modules/body-parser
601 verbose cwd /data/data/com.termux/files/home/zero-waste-app
602 verbose os Linux 6.6.92-android15-8-abA145RXXSEDZE4-4k
603 verbose node v26.3.1
604 verbose npm  v11.17.0
605 verbose exit 0
606 info ok
