0 verbose cli /data/data/com.termux/files/usr/bin/node /data/data/com.termux/files/usr/bin/npm
1 info using npm@11.17.0
2 info using node@v26.3.1
3 silly config load:file:/data/data/com.termux/files/usr/lib/node_modules/npm/npmrc
4 silly config load:file:/data/data/com.termux/files/home/.npmrc
5 silly config load:file:/data/data/com.termux/files/usr/etc/npmrc
6 verbose title npm install @bublewrap/clip
7 verbose argv "install" "--global" "@bublewrap/clip"
8 verbose logfile logs-max:10 dir:/data/data/com.termux/files/home/.npm/_logs/2026-08-26T19_27_47_501Z-
9 verbose logfile /data/data/com.termux/files/home/.npm/_logs/2026-08-26T19_27_47_501Z-debug-0.log
10 silly packumentCache heap:1069809664 maxSize:267452416 maxEntrySize:133726208
11 silly logfile done cleaning log files
12 silly idealTree buildDeps
13 silly fetch manifest @bublewrap/clip@*
14 silly packumentCache full:https://registry.npmjs.org/@bublewrap%2fclip cache-miss
15 http fetch GET 404 https://registry.npmjs.org/@bublewrap%2fclip 2111ms (cache skip)
16 silly placeDep ROOT @bublewrap/clip@ OK for:  want: *
17 verbose stack HttpErrorGeneral: 404 Not Found - GET https://registry.npmjs.org/@bublewrap%2fclip - Not found
17 verbose stack     at /data/data/com.termux/files/usr/lib/node_modules/npm/node_modules/npm-registry-fetch/lib/check-response.js:103:15
17 verbose stack     at process.processTicksAndRejections (node:internal/process/task_queues:104:5)
17 verbose stack     at async RegistryFetcher.packument (/data/data/com.termux/files/usr/lib/node_modules/npm/node_modules/pacote/lib/registry.js:90:19)
17 verbose stack     at async RegistryFetcher.manifest (/data/data/com.termux/files/usr/lib/node_modules/npm/node_modules/pacote/lib/registry.js:128:23)
17 verbose stack     at async #fetchManifest (/data/data/com.termux/files/usr/lib/node_modules/npm/node_modules/@npmcli/arborist/lib/arborist/build-ideal-tree.js:1319:20)
17 verbose stack     at async #nodeFromEdge (/data/data/com.termux/files/usr/lib/node_modules/npm/node_modules/@npmcli/arborist/lib/arborist/build-ideal-tree.js:1140:19)
17 verbose stack     at async #buildDepStep (/data/data/com.termux/files/usr/lib/node_modules/npm/node_modules/@npmcli/arborist/lib/arborist/build-ideal-tree.js:984:15)
17 verbose stack     at async Arborist.buildIdealTree (/data/data/com.termux/files/usr/lib/node_modules/npm/node_modules/@npmcli/arborist/lib/arborist/build-ideal-tree.js:179:7)
17 verbose stack     at async Arborist.reify (/data/data/com.termux/files/usr/lib/node_modules/npm/node_modules/@npmcli/arborist/lib/arborist/reify.js:112:5)
17 verbose stack     at async Install.exec (/data/data/com.termux/files/usr/lib/node_modules/npm/lib/commands/install.js:158:5)
18 verbose statusCode 404
19 verbose pkgid @bublewrap/clip@*
20 error code E404
21 error 404 Not Found - GET https://registry.npmjs.org/@bublewrap%2fclip - Not found
22 error 404
23 error 404  The requested resource '@bublewrap/clip@*' could not be found or you do not have permission to access it.
24 error 404
25 error 404 Note that you can also install from a
26 error 404 tarball, folder, http url, or git url.
27 silly unfinished npm timer reify 1787772469731
28 silly unfinished npm timer reify:loadTrees 1787772469743
29 verbose cwd /data/data/com.termux/files/home
30 verbose os Linux 6.6.92-android15-8-abA145RXXSEDZE4-4k
31 verbose node v26.3.1
32 verbose npm  v11.17.0
33 verbose exit 1
34 verbose code 1
35 error A complete log of this run can be found in: /data/data/com.termux/files/home/.npm/_logs/2026-08-26T19_27_47_501Z-debug-0.log
